# Bake Begins!
### (1 of 6) Copy sources
$ cp -a /home/travis/build/fontdirectory/rajdhani/METADATA.json /home/travis/build/fontdirectory/rajdhani/builds/build
$ cp -a /home/travis/build/fontdirectory/rajdhani/DESCRIPTION.en_us.html /home/travis/build/fontdirectory/rajdhani/builds/build
$ cp -a Rajdhani-SemiBold.ttf.ttx Rajdhani-Regular.ttf.ttx Rajdhani-Medium.ttf.ttx Rajdhani-Bold.ttf.ttx Rajdhani-Light.ttf.ttx src/Rajdhani-Regular.otf.ttx src/Rajdhani-Light.otf.ttx src/Rajdhani-Medium.otf.ttx src/Rajdhani-Regular.otf.otf.ttx src/Rajdhani-Bold.otf.ttx src/Rajdhani-SemiBold.otf.otf.ttx src/Rajdhani-Light.otf.otf.ttx src/Rajdhani-Bold.otf.otf.ttx src/Rajdhani-Medium.otf.otf.ttx src/Rajdhani-SemiBold.otf.ttx Rajdhani-SemiBold.ttf._g_l_y_f.ttx Rajdhani-SemiBold.ttf.G_P_O_S_.ttx Rajdhani-SemiBold.ttf.G_D_E_F_.ttx Rajdhani-SemiBold.ttf.D_S_I_G_.ttx Rajdhani-SemiBold.ttf._n_a_m_e.ttx Rajdhani-SemiBold.ttf._l_o_c_a.ttx Rajdhani-SemiBold.ttf._p_r_e_p.ttx Rajdhani-SemiBold.ttf._h_h_e_a.ttx Rajdhani-SemiBold.ttf._g_a_s_p.ttx Rajdhani-SemiBold.ttf.GlyphOrder.ttx Rajdhani-SemiBold.ttf._p_o_s_t.ttx Rajdhani-SemiBold.ttf.O_S_2f_2.ttx Rajdhani-SemiBold.ttf._m_a_x_p.ttx Rajdhani-SemiBold.ttf._h_m_t_x.ttx Rajdhani-SemiBold.ttf.G_S_U_B_.ttx Rajdhani-SemiBold.ttf._f_p_g_m.ttx Rajdhani-SemiBold.ttf.F_F_T_M_.ttx Rajdhani-SemiBold.ttf._h_e_a_d.ttx Rajdhani-SemiBold.ttf._c_m_a_p.ttx Rajdhani-SemiBold.ttf._c_v_t.ttx Rajdhani-Regular.ttf._l_o_c_a.ttx Rajdhani-Regular.ttf._p_r_e_p.ttx Rajdhani-Regular.ttf._n_a_m_e.ttx Rajdhani-Regular.ttf._g_a_s_p.ttx Rajdhani-Regular.ttf.GlyphOrder.ttx Rajdhani-Regular.ttf._h_e_a_d.ttx Rajdhani-Regular.ttf.G_D_E_F_.ttx Rajdhani-Regular.ttf.F_F_T_M_.ttx Rajdhani-Regular.ttf.G_S_U_B_.ttx Rajdhani-Regular.ttf._h_h_e_a.ttx Rajdhani-Regular.ttf._g_l_y_f.ttx Rajdhani-Regular.ttf.D_S_I_G_.ttx Rajdhani-Regular.ttf.G_P_O_S_.ttx Rajdhani-Regular.ttf._m_a_x_p.ttx Rajdhani-Regular.ttf.O_S_2f_2.ttx Rajdhani-Regular.ttf._c_m_a_p.ttx Rajdhani-Regular.ttf._f_p_g_m.ttx Rajdhani-Regular.ttf._p_o_s_t.ttx Rajdhani-Regular.ttf._c_v_t.ttx Rajdhani-Regular.ttf._h_m_t_x.ttx Rajdhani-Medium.ttf._h_m_t_x.ttx Rajdhani-Medium.ttf.D_S_I_G_.ttx Rajdhani-Medium.ttf._m_a_x_p.ttx Rajdhani-Medium.ttf._l_o_c_a.ttx Rajdhani-Medium.ttf._p_r_e_p.ttx Rajdhani-Medium.ttf._h_e_a_d.ttx Rajdhani-Medium.ttf._p_o_s_t.ttx Rajdhani-Medium.ttf.GlyphOrder.ttx Rajdhani-Medium.ttf._c_v_t.ttx Rajdhani-Medium.ttf._g_a_s_p.ttx Rajdhani-Medium.ttf.O_S_2f_2.ttx Rajdhani-Medium.ttf._f_p_g_m.ttx Rajdhani-Medium.ttf.G_P_O_S_.ttx Rajdhani-Medium.ttf._c_m_a_p.ttx Rajdhani-Medium.ttf._g_l_y_f.ttx Rajdhani-Medium.ttf.G_S_U_B_.ttx Rajdhani-Medium.ttf.F_F_T_M_.ttx Rajdhani-Medium.ttf._n_a_m_e.ttx Rajdhani-Medium.ttf._h_h_e_a.ttx Rajdhani-Medium.ttf.G_D_E_F_.ttx Rajdhani-Bold.ttf._h_e_a_d.ttx Rajdhani-Bold.ttf._h_m_t_x.ttx Rajdhani-Bold.ttf._l_o_c_a.ttx Rajdhani-Bold.ttf.F_F_T_M_.ttx Rajdhani-Bold.ttf.G_D_E_F_.ttx Rajdhani-Bold.ttf.GlyphOrder.ttx Rajdhani-Bold.ttf._n_a_m_e.ttx Rajdhani-Bold.ttf.G_S_U_B_.ttx Rajdhani-Bold.ttf.O_S_2f_2.ttx Rajdhani-Bold.ttf._c_v_t.ttx Rajdhani-Bold.ttf._m_a_x_p.ttx Rajdhani-Bold.ttf._p_o_s_t.ttx Rajdhani-Bold.ttf._c_m_a_p.ttx Rajdhani-Bold.ttf.G_P_O_S_.ttx Rajdhani-Bold.ttf._p_r_e_p.ttx Rajdhani-Bold.ttf._g_l_y_f.ttx Rajdhani-Bold.ttf._g_a_s_p.ttx Rajdhani-Bold.ttf.D_S_I_G_.ttx Rajdhani-Bold.ttf._f_p_g_m.ttx Rajdhani-Bold.ttf._h_h_e_a.ttx Rajdhani-Light.ttf.G_P_O_S_.ttx Rajdhani-Light.ttf.G_S_U_B_.ttx Rajdhani-Light.ttf._h_h_e_a.ttx Rajdhani-Light.ttf._p_r_e_p.ttx Rajdhani-Light.ttf.D_S_I_G_.ttx Rajdhani-Light.ttf._m_a_x_p.ttx Rajdhani-Light.ttf.O_S_2f_2.ttx Rajdhani-Light.ttf._g_a_s_p.ttx Rajdhani-Light.ttf._p_o_s_t.ttx Rajdhani-Light.ttf._c_m_a_p.ttx Rajdhani-Light.ttf._g_l_y_f.ttx Rajdhani-Light.ttf._f_p_g_m.ttx Rajdhani-Light.ttf._n_a_m_e.ttx Rajdhani-Light.ttf._c_v_t.ttx Rajdhani-Light.ttf.G_D_E_F_.ttx Rajdhani-Light.ttf._l_o_c_a.ttx Rajdhani-Light.ttf.GlyphOrder.ttx Rajdhani-Light.ttf.F_F_T_M_.ttx Rajdhani-Light.ttf._h_e_a_d.ttx Rajdhani-Light.ttf._h_m_t_x.ttx src/Rajdhani-Regular.otf._c_m_a_p.ttx src/Rajdhani-Regular.otf.otf.G_P_O_S_.ttx src/Rajdhani-Regular.otf.otf._n_a_m_e.ttx src/Rajdhani-Regular.otf.G_S_U_B_.ttx src/Rajdhani-Regular.otf.GlyphOrder.ttx src/Rajdhani-Regular.otf._m_a_x_p.ttx src/Rajdhani-Regular.otf._p_o_s_t.ttx src/Rajdhani-Regular.otf.otf._p_o_s_t.ttx src/Rajdhani-Regular.otf.G_P_O_S_.ttx src/Rajdhani-Regular.otf.otf.F_F_T_M_.ttx src/Rajdhani-Regular.otf._h_h_e_a.ttx src/Rajdhani-Regular.otf.C_F_F_.ttx src/Rajdhani-Regular.otf._h_m_t_x.ttx src/Rajdhani-Regular.otf.otf.GlyphOrder.ttx src/Rajdhani-Regular.otf.otf.ttx src/Rajdhani-Regular.otf.otf.O_S_2f_2.ttx src/Rajdhani-Regular.otf.G_D_E_F_.ttx src/Rajdhani-Regular.otf.otf._h_m_t_x.ttx src/Rajdhani-Regular.otf.otf._c_m_a_p.ttx src/Rajdhani-Regular.otf.otf.C_F_F_.ttx src/Rajdhani-Regular.otf._h_e_a_d.ttx src/Rajdhani-Regular.otf.otf._h_h_e_a.ttx src/Rajdhani-Regular.otf.otf._m_a_x_p.ttx src/Rajdhani-Regular.otf.O_S_2f_2.ttx src/Rajdhani-Regular.otf.otf.G_S_U_B_.ttx src/Rajdhani-Regular.otf.otf.G_D_E_F_.ttx src/Rajdhani-Regular.otf._n_a_m_e.ttx src/Rajdhani-Regular.otf.otf._h_e_a_d.ttx src/Rajdhani-Light.otf.GlyphOrder.ttx src/Rajdhani-Light.otf.G_D_E_F_.ttx src/Rajdhani-Light.otf.otf.G_D_E_F_.ttx src/Rajdhani-Light.otf._h_m_t_x.ttx src/Rajdhani-Light.otf.otf._n_a_m_e.ttx src/Rajdhani-Light.otf._c_m_a_p.ttx src/Rajdhani-Light.otf._h_e_a_d.ttx src/Rajdhani-Light.otf.O_S_2f_2.ttx src/Rajdhani-Light.otf.otf.F_F_T_M_.ttx src/Rajdhani-Light.otf.otf.C_F_F_.ttx src/Rajdhani-Light.otf.otf._c_m_a_p.ttx src/Rajdhani-Light.otf.G_S_U_B_.ttx src/Rajdhani-Light.otf.otf._h_m_t_x.ttx src/Rajdhani-Light.otf.C_F_F_.ttx src/Rajdhani-Light.otf.otf._h_h_e_a.ttx src/Rajdhani-Light.otf.otf._h_e_a_d.ttx src/Rajdhani-Light.otf.otf._m_a_x_p.ttx src/Rajdhani-Light.otf.otf.ttx src/Rajdhani-Light.otf.otf.GlyphOrder.ttx src/Rajdhani-Light.otf.otf.G_S_U_B_.ttx src/Rajdhani-Light.otf._m_a_x_p.ttx src/Rajdhani-Light.otf._h_h_e_a.ttx src/Rajdhani-Light.otf._p_o_s_t.ttx src/Rajdhani-Light.otf._n_a_m_e.ttx src/Rajdhani-Light.otf.otf.O_S_2f_2.ttx src/Rajdhani-Light.otf.otf.G_P_O_S_.ttx src/Rajdhani-Light.otf.otf._p_o_s_t.ttx src/Rajdhani-Light.otf.G_P_O_S_.ttx src/Rajdhani-Medium.otf.otf._n_a_m_e.ttx src/Rajdhani-Medium.otf._n_a_m_e.ttx src/Rajdhani-Medium.otf.otf._m_a_x_p.ttx src/Rajdhani-Medium.otf.otf._h_h_e_a.ttx src/Rajdhani-Medium.otf.otf.G_S_U_B_.ttx src/Rajdhani-Medium.otf.G_D_E_F_.ttx src/Rajdhani-Medium.otf.otf.GlyphOrder.ttx src/Rajdhani-Medium.otf.GlyphOrder.ttx src/Rajdhani-Medium.otf._h_e_a_d.ttx src/Rajdhani-Medium.otf.C_F_F_.ttx src/Rajdhani-Medium.otf._h_h_e_a.ttx src/Rajdhani-Medium.otf.otf._p_o_s_t.ttx src/Rajdhani-Medium.otf._h_m_t_x.ttx src/Rajdhani-Medium.otf.otf.O_S_2f_2.ttx src/Rajdhani-Medium.otf.G_P_O_S_.ttx src/Rajdhani-Medium.otf.O_S_2f_2.ttx src/Rajdhani-Medium.otf.G_S_U_B_.ttx src/Rajdhani-Medium.otf._p_o_s_t.ttx src/Rajdhani-Medium.otf._c_m_a_p.ttx src/Rajdhani-Medium.otf.otf.G_D_E_F_.ttx src/Rajdhani-Medium.otf.otf.F_F_T_M_.ttx src/Rajdhani-Medium.otf.otf._c_m_a_p.ttx src/Rajdhani-Medium.otf._m_a_x_p.ttx src/Rajdhani-Medium.otf.otf._h_m_t_x.ttx src/Rajdhani-Medium.otf.otf.G_P_O_S_.ttx src/Rajdhani-Medium.otf.otf.C_F_F_.ttx src/Rajdhani-Medium.otf.otf.ttx src/Rajdhani-Medium.otf.otf._h_e_a_d.ttx src/Rajdhani-Regular.otf.otf.G_P_O_S_.ttx src/Rajdhani-Regular.otf.otf._n_a_m_e.ttx src/Rajdhani-Regular.otf.otf._p_o_s_t.ttx src/Rajdhani-Regular.otf.otf.F_F_T_M_.ttx src/Rajdhani-Regular.otf.otf.GlyphOrder.ttx src/Rajdhani-Regular.otf.otf.O_S_2f_2.ttx src/Rajdhani-Regular.otf.otf._h_m_t_x.ttx src/Rajdhani-Regular.otf.otf._c_m_a_p.ttx src/Rajdhani-Regular.otf.otf.C_F_F_.ttx src/Rajdhani-Regular.otf.otf._h_h_e_a.ttx src/Rajdhani-Regular.otf.otf._m_a_x_p.ttx src/Rajdhani-Regular.otf.otf.G_S_U_B_.ttx src/Rajdhani-Regular.otf.otf.G_D_E_F_.ttx src/Rajdhani-Regular.otf.otf._h_e_a_d.ttx src/Rajdhani-Bold.otf.otf.G_S_U_B_.ttx src/Rajdhani-Bold.otf.otf.C_F_F_.ttx src/Rajdhani-Bold.otf.otf.G_P_O_S_.ttx src/Rajdhani-Bold.otf._h_h_e_a.ttx src/Rajdhani-Bold.otf.O_S_2f_2.ttx src/Rajdhani-Bold.otf._n_a_m_e.ttx src/Rajdhani-Bold.otf._m_a_x_p.ttx src/Rajdhani-Bold.otf.otf._h_m_t_x.ttx src/Rajdhani-Bold.otf.otf.GlyphOrder.ttx src/Rajdhani-Bold.otf.G_P_O_S_.ttx src/Rajdhani-Bold.otf.G_S_U_B_.ttx src/Rajdhani-Bold.otf._p_o_s_t.ttx src/Rajdhani-Bold.otf.otf.O_S_2f_2.ttx src/Rajdhani-Bold.otf.GlyphOrder.ttx src/Rajdhani-Bold.otf.G_D_E_F_.ttx src/Rajdhani-Bold.otf._c_m_a_p.ttx src/Rajdhani-Bold.otf.otf.G_D_E_F_.ttx src/Rajdhani-Bold.otf.otf._n_a_m_e.ttx src/Rajdhani-Bold.otf.otf._c_m_a_p.ttx src/Rajdhani-Bold.otf.otf._p_o_s_t.ttx src/Rajdhani-Bold.otf._h_m_t_x.ttx src/Rajdhani-Bold.otf.C_F_F_.ttx src/Rajdhani-Bold.otf.otf.ttx src/Rajdhani-Bold.otf.otf.F_F_T_M_.ttx src/Rajdhani-Bold.otf._h_e_a_d.ttx src/Rajdhani-Bold.otf.otf._h_e_a_d.ttx src/Rajdhani-Bold.otf.otf._m_a_x_p.ttx src/Rajdhani-Bold.otf.otf._h_h_e_a.ttx src/Rajdhani-SemiBold.otf.otf._c_m_a_p.ttx src/Rajdhani-SemiBold.otf.otf._m_a_x_p.ttx src/Rajdhani-SemiBold.otf.otf.G_D_E_F_.ttx src/Rajdhani-SemiBold.otf.otf._h_e_a_d.ttx src/Rajdhani-SemiBold.otf.otf._h_m_t_x.ttx src/Rajdhani-SemiBold.otf.otf.O_S_2f_2.ttx src/Rajdhani-SemiBold.otf.otf._h_h_e_a.ttx src/Rajdhani-SemiBold.otf.otf._p_o_s_t.ttx src/Rajdhani-SemiBold.otf.otf.C_F_F_.ttx src/Rajdhani-SemiBold.otf.otf.G_P_O_S_.ttx src/Rajdhani-SemiBold.otf.otf.GlyphOrder.ttx src/Rajdhani-SemiBold.otf.otf.G_S_U_B_.ttx src/Rajdhani-SemiBold.otf.otf.F_F_T_M_.ttx src/Rajdhani-SemiBold.otf.otf._n_a_m_e.ttx src/Rajdhani-Light.otf.otf.G_D_E_F_.ttx src/Rajdhani-Light.otf.otf._n_a_m_e.ttx src/Rajdhani-Light.otf.otf.F_F_T_M_.ttx src/Rajdhani-Light.otf.otf.C_F_F_.ttx src/Rajdhani-Light.otf.otf._c_m_a_p.ttx src/Rajdhani-Light.otf.otf._h_m_t_x.ttx src/Rajdhani-Light.otf.otf._h_h_e_a.ttx src/Rajdhani-Light.otf.otf._h_e_a_d.ttx src/Rajdhani-Light.otf.otf._m_a_x_p.ttx src/Rajdhani-Light.otf.otf.GlyphOrder.ttx src/Rajdhani-Light.otf.otf.G_S_U_B_.ttx src/Rajdhani-Light.otf.otf.O_S_2f_2.ttx src/Rajdhani-Light.otf.otf.G_P_O_S_.ttx src/Rajdhani-Light.otf.otf._p_o_s_t.ttx src/Rajdhani-Bold.otf.otf.G_S_U_B_.ttx src/Rajdhani-Bold.otf.otf.C_F_F_.ttx src/Rajdhani-Bold.otf.otf.G_P_O_S_.ttx src/Rajdhani-Bold.otf.otf._h_m_t_x.ttx src/Rajdhani-Bold.otf.otf.GlyphOrder.ttx src/Rajdhani-Bold.otf.otf.O_S_2f_2.ttx src/Rajdhani-Bold.otf.otf.G_D_E_F_.ttx src/Rajdhani-Bold.otf.otf._n_a_m_e.ttx src/Rajdhani-Bold.otf.otf._c_m_a_p.ttx src/Rajdhani-Bold.otf.otf._p_o_s_t.ttx src/Rajdhani-Bold.otf.otf.F_F_T_M_.ttx src/Rajdhani-Bold.otf.otf._h_e_a_d.ttx src/Rajdhani-Bold.otf.otf._m_a_x_p.ttx src/Rajdhani-Bold.otf.otf._h_h_e_a.ttx src/Rajdhani-Medium.otf.otf._n_a_m_e.ttx src/Rajdhani-Medium.otf.otf._m_a_x_p.ttx src/Rajdhani-Medium.otf.otf._h_h_e_a.ttx src/Rajdhani-Medium.otf.otf.G_S_U_B_.ttx src/Rajdhani-Medium.otf.otf.GlyphOrder.ttx src/Rajdhani-Medium.otf.otf._p_o_s_t.ttx src/Rajdhani-Medium.otf.otf.O_S_2f_2.ttx src/Rajdhani-Medium.otf.otf.G_D_E_F_.ttx src/Rajdhani-Medium.otf.otf.F_F_T_M_.ttx src/Rajdhani-Medium.otf.otf._c_m_a_p.ttx src/Rajdhani-Medium.otf.otf._h_m_t_x.ttx src/Rajdhani-Medium.otf.otf.G_P_O_S_.ttx src/Rajdhani-Medium.otf.otf.C_F_F_.ttx src/Rajdhani-Medium.otf.otf._h_e_a_d.ttx src/Rajdhani-SemiBold.otf.otf._c_m_a_p.ttx src/Rajdhani-SemiBold.otf._p_o_s_t.ttx src/Rajdhani-SemiBold.otf._n_a_m_e.ttx src/Rajdhani-SemiBold.otf.otf._m_a_x_p.ttx src/Rajdhani-SemiBold.otf._m_a_x_p.ttx src/Rajdhani-SemiBold.otf.otf.G_D_E_F_.ttx src/Rajdhani-SemiBold.otf._c_m_a_p.ttx src/Rajdhani-SemiBold.otf.otf._h_e_a_d.ttx src/Rajdhani-SemiBold.otf.otf._h_m_t_x.ttx src/Rajdhani-SemiBold.otf.G_S_U_B_.ttx src/Rajdhani-SemiBold.otf.G_P_O_S_.ttx src/Rajdhani-SemiBold.otf.O_S_2f_2.ttx src/Rajdhani-SemiBold.otf.otf.O_S_2f_2.ttx src/Rajdhani-SemiBold.otf.GlyphOrder.ttx src/Rajdhani-SemiBold.otf.otf._h_h_e_a.ttx src/Rajdhani-SemiBold.otf._h_e_a_d.ttx src/Rajdhani-SemiBold.otf.G_D_E_F_.ttx src/Rajdhani-SemiBold.otf.otf._p_o_s_t.ttx src/Rajdhani-SemiBold.otf.C_F_F_.ttx src/Rajdhani-SemiBold.otf.otf.C_F_F_.ttx src/Rajdhani-SemiBold.otf.otf.ttx src/Rajdhani-SemiBold.otf._h_m_t_x.ttx src/Rajdhani-SemiBold.otf.otf.G_P_O_S_.ttx src/Rajdhani-SemiBold.otf._h_h_e_a.ttx src/Rajdhani-SemiBold.otf.otf.GlyphOrder.ttx src/Rajdhani-SemiBold.otf.otf.G_S_U_B_.ttx src/Rajdhani-SemiBold.otf.otf.F_F_T_M_.ttx src/Rajdhani-SemiBold.otf.otf._n_a_m_e.ttx /home/travis/build/fontdirectory/rajdhani/builds/build/sources
### (2 of 6) pyfontaine
### (3 of 6) Run upstream tests
$ fontbakery-check.py upstream-repo sources
$ fontaine --collections subsets --text /home/travis/build/fontdirectory/rajdhani/builds/build/sources/Rajdhani-Regular.otf.ttx /home/travis/build/fontdirectory/rajdhani/builds/build/sources/Rajdhani-SemiBold.ttf.ttx /home/travis/build/fontdirectory/rajdhani/builds/build/sources/Rajdhani-Light.otf.ttx /home/travis/build/fontdirectory/rajdhani/builds/build/sources/Rajdhani-Medium.otf.ttx /home/travis/build/fontdirectory/rajdhani/builds/build/sources/Rajdhani-Regular.ttf.ttx /home/travis/build/fontdirectory/rajdhani/builds/build/sources/Rajdhani-Medium.ttf.ttx /home/travis/build/fontdirectory/rajdhani/builds/build/sources/Rajdhani-Regular.otf.otf.ttx /home/travis/build/fontdirectory/rajdhani/builds/build/sources/Rajdhani-Bold.otf.ttx /home/travis/build/fontdirectory/rajdhani/builds/build/sources/Rajdhani-Bold.ttf.ttx /home/travis/build/fontdirectory/rajdhani/builds/build/sources/Rajdhani-SemiBold.otf.otf.ttx /home/travis/build/fontdirectory/rajdhani/builds/build/sources/Rajdhani-Light.otf.otf.ttx /home/travis/build/fontdirectory/rajdhani/builds/build/sources/Rajdhani-Bold.otf.otf.ttx /home/travis/build/fontdirectory/rajdhani/builds/build/sources/Rajdhani-Medium.otf.otf.ttx /home/travis/build/fontdirectory/rajdhani/builds/build/sources/Rajdhani-SemiBold.otf.ttx /home/travis/build/fontdirectory/rajdhani/builds/build/sources/Rajdhani-Light.ttf.ttx > fontaine.txt
WARNING: Please install [PyICU](https://pypi.python.org/pypi/PyICU) toenable [feature], perhaps with: pip install pyicu
bakery_lint.tests.upstream.test_prepolation.FontTestPrepolation.test_font_prepolation_glyph_contours(): OK
end of pyfontaine process
bakery_lint.tests.upstream.test_prepolation.FontTestPrepolation.test_font_prepolation_glyph_points(): OK
bakery_lint.tests.upstream.test_prepolation.FontTestPrepolation.test_font_test_prepolation_glyph_names(): OK
bakery_lint.tests.upstream.test_check_upstream_sources.ProjectUpstreamTestCase.test_bakery_yaml_exists(): OK
bakery_lint.tests.upstream.test_check_upstream_sources.ProjectUpstreamTestCase.test_copyright_notices_same_across_family(): OK
bakery_lint.tests.upstream.test_check_upstream_sources.ProjectUpstreamTestCase.test_description_html_exists(): OK
bakery_lint.tests.upstream.test_check_upstream_sources.ProjectUpstreamTestCase.test_fontlog_txt_exists(): FAIL
bakery_lint.tests.upstream.test_check_upstream_sources.ProjectUpstreamTestCase.test_metadata_json_exists(): OK
bakery_lint.tests.upstream.test_diacritic.TestDiacritic.test_diacritic_made_as_component(): OK
bakery_lint.tests.upstream.test_diacritic.TestDiacritic.test_diacritic_made_as_mark_to_mark(): OK
bakery_lint.tests.upstream.test_diacritic.TestDiacritic.test_diacritic_made_as_own_glyphs(): OK
$ fontbakery-check.py upstream-ttx Rajdhani-Regular.otf.ttx
bakery_lint.tests.upstream.test_font_filename_eq_familystyle.TestTTFSourceFontFileNameEqualsFamilyStyle.test_source_ttf_font_filename_equals_familystyle(): FAIL
$ mv /home/travis/build/fontdirectory/rajdhani/builds/build/sources/Rajdhani-Regular.otf.ttx /home/travis/build/fontdirectory/rajdhani/builds/build/sources/Rajdhani-Regular.ttx
bakery_lint.tests.upstream.test_font_filename_eq_familystyle.TestTTFSourceFontFileNameEqualsFamilyStyle.test_source_ttf_font_filename_equals_familystyle(): OK
bakery_lint.tests.upstream.test_check_ttx_requirements.SourceTTXTest.test_epar_in_keys(): FAIL
bakery_lint.tests.upstream.test_check_ttx_requirements.SourceTTXTest.test_os2_in_keys(): OK
bakery_lint.tests.upstream.test_check_ttx_requirements.SourceTTXTest.test_ttx_doesnt_contain_duplicate_glyphs(): OK
bakery_lint.tests.upstream.test_check_ttx_fontfamily_recommendations.TTX_FontFamilyNamingTest.test_ttx_family_naming_recommendation(): OK
bakery_lint.tests.upstream.test_glyphname_does_not_contain_disallowed_chars.TestGlyphNameDoesNotContainsDisallowedChars.test_glyphname_does_not_contain_disallowed_chars(): OK
$ fontbakery-check.py upstream-ttx Rajdhani-SemiBold.ttf.ttx
bakery_lint.tests.upstream.test_font_filename_eq_familystyle.TestTTFSourceFontFileNameEqualsFamilyStyle.test_source_ttf_font_filename_equals_familystyle(): FAIL
$ mv /home/travis/build/fontdirectory/rajdhani/builds/build/sources/Rajdhani-SemiBold.ttf.ttx /home/travis/build/fontdirectory/rajdhani/builds/build/sources/RajdhaniSemibold-Regular.ttx
bakery_lint.tests.upstream.test_font_filename_eq_familystyle.TestTTFSourceFontFileNameEqualsFamilyStyle.test_source_ttf_font_filename_equals_familystyle(): OK
bakery_lint.tests.upstream.test_check_ttx_requirements.SourceTTXTest.test_epar_in_keys(): FAIL
bakery_lint.tests.upstream.test_check_ttx_requirements.SourceTTXTest.test_os2_in_keys(): OK
bakery_lint.tests.upstream.test_check_ttx_requirements.SourceTTXTest.test_ttx_doesnt_contain_duplicate_glyphs(): OK
bakery_lint.tests.upstream.test_check_ttx_fontfamily_recommendations.TTX_FontFamilyNamingTest.test_ttx_family_naming_recommendation(): OK
bakery_lint.tests.upstream.test_glyphname_does_not_contain_disallowed_chars.TestGlyphNameDoesNotContainsDisallowedChars.test_glyphname_does_not_contain_disallowed_chars(): FAIL
$ fontbakery-check.py upstream-ttx Rajdhani-Light.otf.ttx
bakery_lint.tests.upstream.test_font_filename_eq_familystyle.TestTTFSourceFontFileNameEqualsFamilyStyle.test_source_ttf_font_filename_equals_familystyle(): FAIL
$ mv /home/travis/build/fontdirectory/rajdhani/builds/build/sources/Rajdhani-Light.otf.ttx /home/travis/build/fontdirectory/rajdhani/builds/build/sources/RajdhaniLight-Regular.ttx
bakery_lint.tests.upstream.test_font_filename_eq_familystyle.TestTTFSourceFontFileNameEqualsFamilyStyle.test_source_ttf_font_filename_equals_familystyle(): OK
bakery_lint.tests.upstream.test_check_ttx_requirements.SourceTTXTest.test_epar_in_keys(): FAIL
bakery_lint.tests.upstream.test_check_ttx_requirements.SourceTTXTest.test_os2_in_keys(): OK
bakery_lint.tests.upstream.test_check_ttx_requirements.SourceTTXTest.test_ttx_doesnt_contain_duplicate_glyphs(): OK
bakery_lint.tests.upstream.test_check_ttx_fontfamily_recommendations.TTX_FontFamilyNamingTest.test_ttx_family_naming_recommendation(): OK
bakery_lint.tests.upstream.test_glyphname_does_not_contain_disallowed_chars.TestGlyphNameDoesNotContainsDisallowedChars.test_glyphname_does_not_contain_disallowed_chars(): OK
$ fontbakery-check.py upstream-ttx Rajdhani-Medium.otf.ttx
bakery_lint.tests.upstream.test_font_filename_eq_familystyle.TestTTFSourceFontFileNameEqualsFamilyStyle.test_source_ttf_font_filename_equals_familystyle(): FAIL
$ mv /home/travis/build/fontdirectory/rajdhani/builds/build/sources/Rajdhani-Medium.otf.ttx /home/travis/build/fontdirectory/rajdhani/builds/build/sources/RajdhaniMedium-Regular.ttx
bakery_lint.tests.upstream.test_font_filename_eq_familystyle.TestTTFSourceFontFileNameEqualsFamilyStyle.test_source_ttf_font_filename_equals_familystyle(): OK
bakery_lint.tests.upstream.test_check_ttx_requirements.SourceTTXTest.test_epar_in_keys(): FAIL
bakery_lint.tests.upstream.test_check_ttx_requirements.SourceTTXTest.test_os2_in_keys(): OK
bakery_lint.tests.upstream.test_check_ttx_requirements.SourceTTXTest.test_ttx_doesnt_contain_duplicate_glyphs(): OK
bakery_lint.tests.upstream.test_check_ttx_fontfamily_recommendations.TTX_FontFamilyNamingTest.test_ttx_family_naming_recommendation(): OK
bakery_lint.tests.upstream.test_glyphname_does_not_contain_disallowed_chars.TestGlyphNameDoesNotContainsDisallowedChars.test_glyphname_does_not_contain_disallowed_chars(): OK
$ fontbakery-check.py upstream-ttx Rajdhani-Regular.ttf.ttx
bakery_lint.tests.upstream.test_font_filename_eq_familystyle.TestTTFSourceFontFileNameEqualsFamilyStyle.test_source_ttf_font_filename_equals_familystyle(): FAIL
$ mv /home/travis/build/fontdirectory/rajdhani/builds/build/sources/Rajdhani-Regular.ttf.ttx /home/travis/build/fontdirectory/rajdhani/builds/build/sources/Rajdhani-Regular.ttx
bakery_lint.tests.upstream.test_font_filename_eq_familystyle.TestTTFSourceFontFileNameEqualsFamilyStyle.test_source_ttf_font_filename_equals_familystyle(): OK
bakery_lint.tests.upstream.test_check_ttx_requirements.SourceTTXTest.test_epar_in_keys(): FAIL
bakery_lint.tests.upstream.test_check_ttx_requirements.SourceTTXTest.test_os2_in_keys(): OK
bakery_lint.tests.upstream.test_check_ttx_requirements.SourceTTXTest.test_ttx_doesnt_contain_duplicate_glyphs(): OK
bakery_lint.tests.upstream.test_check_ttx_fontfamily_recommendations.TTX_FontFamilyNamingTest.test_ttx_family_naming_recommendation(): OK
bakery_lint.tests.upstream.test_glyphname_does_not_contain_disallowed_chars.TestGlyphNameDoesNotContainsDisallowedChars.test_glyphname_does_not_contain_disallowed_chars(): FAIL
$ fontbakery-check.py upstream-ttx Rajdhani-Medium.ttf.ttx
bakery_lint.tests.upstream.test_font_filename_eq_familystyle.TestTTFSourceFontFileNameEqualsFamilyStyle.test_source_ttf_font_filename_equals_familystyle(): FAIL
$ mv /home/travis/build/fontdirectory/rajdhani/builds/build/sources/Rajdhani-Medium.ttf.ttx /home/travis/build/fontdirectory/rajdhani/builds/build/sources/RajdhaniMedium-Regular.ttx
bakery_lint.tests.upstream.test_font_filename_eq_familystyle.TestTTFSourceFontFileNameEqualsFamilyStyle.test_source_ttf_font_filename_equals_familystyle(): OK
bakery_lint.tests.upstream.test_check_ttx_requirements.SourceTTXTest.test_epar_in_keys(): FAIL
bakery_lint.tests.upstream.test_check_ttx_requirements.SourceTTXTest.test_os2_in_keys(): OK
bakery_lint.tests.upstream.test_check_ttx_requirements.SourceTTXTest.test_ttx_doesnt_contain_duplicate_glyphs(): OK
bakery_lint.tests.upstream.test_check_ttx_fontfamily_recommendations.TTX_FontFamilyNamingTest.test_ttx_family_naming_recommendation(): OK
bakery_lint.tests.upstream.test_glyphname_does_not_contain_disallowed_chars.TestGlyphNameDoesNotContainsDisallowedChars.test_glyphname_does_not_contain_disallowed_chars(): FAIL
$ fontbakery-check.py upstream-ttx Rajdhani-Regular.otf.otf.ttx
bakery_lint.tests.upstream.test_font_filename_eq_familystyle.TestTTFSourceFontFileNameEqualsFamilyStyle.test_source_ttf_font_filename_equals_familystyle(): FAIL
$ mv /home/travis/build/fontdirectory/rajdhani/builds/build/sources/Rajdhani-Regular.otf.otf.ttx /home/travis/build/fontdirectory/rajdhani/builds/build/sources/Rajdhani-Regular.ttx
bakery_lint.tests.upstream.test_font_filename_eq_familystyle.TestTTFSourceFontFileNameEqualsFamilyStyle.test_source_ttf_font_filename_equals_familystyle(): OK
bakery_lint.tests.upstream.test_check_ttx_requirements.SourceTTXTest.test_epar_in_keys(): FAIL
bakery_lint.tests.upstream.test_check_ttx_requirements.SourceTTXTest.test_os2_in_keys(): OK
bakery_lint.tests.upstream.test_check_ttx_requirements.SourceTTXTest.test_ttx_doesnt_contain_duplicate_glyphs(): OK
bakery_lint.tests.upstream.test_check_ttx_fontfamily_recommendations.TTX_FontFamilyNamingTest.test_ttx_family_naming_recommendation(): OK
bakery_lint.tests.upstream.test_glyphname_does_not_contain_disallowed_chars.TestGlyphNameDoesNotContainsDisallowedChars.test_glyphname_does_not_contain_disallowed_chars(): OK
$ fontbakery-check.py upstream-ttx Rajdhani-Bold.otf.ttx
bakery_lint.tests.upstream.test_font_filename_eq_familystyle.TestTTFSourceFontFileNameEqualsFamilyStyle.test_source_ttf_font_filename_equals_familystyle(): FAIL
$ mv /home/travis/build/fontdirectory/rajdhani/builds/build/sources/Rajdhani-Bold.otf.ttx /home/travis/build/fontdirectory/rajdhani/builds/build/sources/RajdhaniBold-Regular.ttx
bakery_lint.tests.upstream.test_font_filename_eq_familystyle.TestTTFSourceFontFileNameEqualsFamilyStyle.test_source_ttf_font_filename_equals_familystyle(): OK
bakery_lint.tests.upstream.test_check_ttx_requirements.SourceTTXTest.test_epar_in_keys(): FAIL
bakery_lint.tests.upstream.test_check_ttx_requirements.SourceTTXTest.test_os2_in_keys(): OK
bakery_lint.tests.upstream.test_check_ttx_requirements.SourceTTXTest.test_ttx_doesnt_contain_duplicate_glyphs(): OK
bakery_lint.tests.upstream.test_check_ttx_fontfamily_recommendations.TTX_FontFamilyNamingTest.test_ttx_family_naming_recommendation(): OK
bakery_lint.tests.upstream.test_glyphname_does_not_contain_disallowed_chars.TestGlyphNameDoesNotContainsDisallowedChars.test_glyphname_does_not_contain_disallowed_chars(): OK
$ fontbakery-check.py upstream-ttx Rajdhani-Bold.ttf.ttx
bakery_lint.tests.upstream.test_font_filename_eq_familystyle.TestTTFSourceFontFileNameEqualsFamilyStyle.test_source_ttf_font_filename_equals_familystyle(): FAIL
$ mv /home/travis/build/fontdirectory/rajdhani/builds/build/sources/Rajdhani-Bold.ttf.ttx /home/travis/build/fontdirectory/rajdhani/builds/build/sources/RajdhaniBold-Regular.ttx
bakery_lint.tests.upstream.test_font_filename_eq_familystyle.TestTTFSourceFontFileNameEqualsFamilyStyle.test_source_ttf_font_filename_equals_familystyle(): OK
bakery_lint.tests.upstream.test_check_ttx_requirements.SourceTTXTest.test_epar_in_keys(): FAIL
bakery_lint.tests.upstream.test_check_ttx_requirements.SourceTTXTest.test_os2_in_keys(): OK
bakery_lint.tests.upstream.test_check_ttx_requirements.SourceTTXTest.test_ttx_doesnt_contain_duplicate_glyphs(): OK
bakery_lint.tests.upstream.test_check_ttx_fontfamily_recommendations.TTX_FontFamilyNamingTest.test_ttx_family_naming_recommendation(): OK
bakery_lint.tests.upstream.test_glyphname_does_not_contain_disallowed_chars.TestGlyphNameDoesNotContainsDisallowedChars.test_glyphname_does_not_contain_disallowed_chars(): FAIL
$ fontbakery-check.py upstream-ttx Rajdhani-SemiBold.otf.otf.ttx
bakery_lint.tests.upstream.test_font_filename_eq_familystyle.TestTTFSourceFontFileNameEqualsFamilyStyle.test_source_ttf_font_filename_equals_familystyle(): FAIL
$ mv /home/travis/build/fontdirectory/rajdhani/builds/build/sources/Rajdhani-SemiBold.otf.otf.ttx /home/travis/build/fontdirectory/rajdhani/builds/build/sources/RajdhaniSemibold-Regular.ttx
bakery_lint.tests.upstream.test_font_filename_eq_familystyle.TestTTFSourceFontFileNameEqualsFamilyStyle.test_source_ttf_font_filename_equals_familystyle(): OK
bakery_lint.tests.upstream.test_check_ttx_requirements.SourceTTXTest.test_epar_in_keys(): FAIL
bakery_lint.tests.upstream.test_check_ttx_requirements.SourceTTXTest.test_os2_in_keys(): OK
bakery_lint.tests.upstream.test_check_ttx_requirements.SourceTTXTest.test_ttx_doesnt_contain_duplicate_glyphs(): OK
bakery_lint.tests.upstream.test_check_ttx_fontfamily_recommendations.TTX_FontFamilyNamingTest.test_ttx_family_naming_recommendation(): OK
bakery_lint.tests.upstream.test_glyphname_does_not_contain_disallowed_chars.TestGlyphNameDoesNotContainsDisallowedChars.test_glyphname_does_not_contain_disallowed_chars(): OK
$ fontbakery-check.py upstream-ttx Rajdhani-Light.otf.otf.ttx
bakery_lint.tests.upstream.test_font_filename_eq_familystyle.TestTTFSourceFontFileNameEqualsFamilyStyle.test_source_ttf_font_filename_equals_familystyle(): FAIL
$ mv /home/travis/build/fontdirectory/rajdhani/builds/build/sources/Rajdhani-Light.otf.otf.ttx /home/travis/build/fontdirectory/rajdhani/builds/build/sources/RajdhaniLight-Regular.ttx
bakery_lint.tests.upstream.test_font_filename_eq_familystyle.TestTTFSourceFontFileNameEqualsFamilyStyle.test_source_ttf_font_filename_equals_familystyle(): OK
bakery_lint.tests.upstream.test_check_ttx_requirements.SourceTTXTest.test_epar_in_keys(): FAIL
bakery_lint.tests.upstream.test_check_ttx_requirements.SourceTTXTest.test_os2_in_keys(): OK
bakery_lint.tests.upstream.test_check_ttx_requirements.SourceTTXTest.test_ttx_doesnt_contain_duplicate_glyphs(): OK
bakery_lint.tests.upstream.test_check_ttx_fontfamily_recommendations.TTX_FontFamilyNamingTest.test_ttx_family_naming_recommendation(): OK
bakery_lint.tests.upstream.test_glyphname_does_not_contain_disallowed_chars.TestGlyphNameDoesNotContainsDisallowedChars.test_glyphname_does_not_contain_disallowed_chars(): OK
$ fontbakery-check.py upstream-ttx Rajdhani-Bold.otf.otf.ttx
bakery_lint.tests.upstream.test_font_filename_eq_familystyle.TestTTFSourceFontFileNameEqualsFamilyStyle.test_source_ttf_font_filename_equals_familystyle(): FAIL
$ mv /home/travis/build/fontdirectory/rajdhani/builds/build/sources/Rajdhani-Bold.otf.otf.ttx /home/travis/build/fontdirectory/rajdhani/builds/build/sources/RajdhaniBold-Regular.ttx
bakery_lint.tests.upstream.test_font_filename_eq_familystyle.TestTTFSourceFontFileNameEqualsFamilyStyle.test_source_ttf_font_filename_equals_familystyle(): OK
bakery_lint.tests.upstream.test_check_ttx_requirements.SourceTTXTest.test_epar_in_keys(): FAIL
bakery_lint.tests.upstream.test_check_ttx_requirements.SourceTTXTest.test_os2_in_keys(): OK
bakery_lint.tests.upstream.test_check_ttx_requirements.SourceTTXTest.test_ttx_doesnt_contain_duplicate_glyphs(): OK
bakery_lint.tests.upstream.test_check_ttx_fontfamily_recommendations.TTX_FontFamilyNamingTest.test_ttx_family_naming_recommendation(): OK
bakery_lint.tests.upstream.test_glyphname_does_not_contain_disallowed_chars.TestGlyphNameDoesNotContainsDisallowedChars.test_glyphname_does_not_contain_disallowed_chars(): OK
$ fontbakery-check.py upstream-ttx Rajdhani-Medium.otf.otf.ttx
bakery_lint.tests.upstream.test_font_filename_eq_familystyle.TestTTFSourceFontFileNameEqualsFamilyStyle.test_source_ttf_font_filename_equals_familystyle(): FAIL
$ mv /home/travis/build/fontdirectory/rajdhani/builds/build/sources/Rajdhani-Medium.otf.otf.ttx /home/travis/build/fontdirectory/rajdhani/builds/build/sources/RajdhaniMedium-Regular.ttx
bakery_lint.tests.upstream.test_font_filename_eq_familystyle.TestTTFSourceFontFileNameEqualsFamilyStyle.test_source_ttf_font_filename_equals_familystyle(): OK
bakery_lint.tests.upstream.test_check_ttx_requirements.SourceTTXTest.test_epar_in_keys(): FAIL
bakery_lint.tests.upstream.test_check_ttx_requirements.SourceTTXTest.test_os2_in_keys(): OK
bakery_lint.tests.upstream.test_check_ttx_requirements.SourceTTXTest.test_ttx_doesnt_contain_duplicate_glyphs(): OK
bakery_lint.tests.upstream.test_check_ttx_fontfamily_recommendations.TTX_FontFamilyNamingTest.test_ttx_family_naming_recommendation(): OK
bakery_lint.tests.upstream.test_glyphname_does_not_contain_disallowed_chars.TestGlyphNameDoesNotContainsDisallowedChars.test_glyphname_does_not_contain_disallowed_chars(): OK
$ fontbakery-check.py upstream-ttx Rajdhani-SemiBold.otf.ttx
bakery_lint.tests.upstream.test_font_filename_eq_familystyle.TestTTFSourceFontFileNameEqualsFamilyStyle.test_source_ttf_font_filename_equals_familystyle(): FAIL
$ mv /home/travis/build/fontdirectory/rajdhani/builds/build/sources/Rajdhani-SemiBold.otf.ttx /home/travis/build/fontdirectory/rajdhani/builds/build/sources/RajdhaniSemibold-Regular.ttx
bakery_lint.tests.upstream.test_font_filename_eq_familystyle.TestTTFSourceFontFileNameEqualsFamilyStyle.test_source_ttf_font_filename_equals_familystyle(): OK
bakery_lint.tests.upstream.test_check_ttx_requirements.SourceTTXTest.test_epar_in_keys(): FAIL
bakery_lint.tests.upstream.test_check_ttx_requirements.SourceTTXTest.test_os2_in_keys(): OK
bakery_lint.tests.upstream.test_check_ttx_requirements.SourceTTXTest.test_ttx_doesnt_contain_duplicate_glyphs(): OK
bakery_lint.tests.upstream.test_check_ttx_fontfamily_recommendations.TTX_FontFamilyNamingTest.test_ttx_family_naming_recommendation(): OK
bakery_lint.tests.upstream.test_glyphname_does_not_contain_disallowed_chars.TestGlyphNameDoesNotContainsDisallowedChars.test_glyphname_does_not_contain_disallowed_chars(): OK
$ fontbakery-check.py upstream-ttx Rajdhani-Light.ttf.ttx
bakery_lint.tests.upstream.test_font_filename_eq_familystyle.TestTTFSourceFontFileNameEqualsFamilyStyle.test_source_ttf_font_filename_equals_familystyle(): FAIL
$ mv /home/travis/build/fontdirectory/rajdhani/builds/build/sources/Rajdhani-Light.ttf.ttx /home/travis/build/fontdirectory/rajdhani/builds/build/sources/RajdhaniLight-Regular.ttx
bakery_lint.tests.upstream.test_font_filename_eq_familystyle.TestTTFSourceFontFileNameEqualsFamilyStyle.test_source_ttf_font_filename_equals_familystyle(): OK
bakery_lint.tests.upstream.test_check_ttx_requirements.SourceTTXTest.test_epar_in_keys(): FAIL
bakery_lint.tests.upstream.test_check_ttx_requirements.SourceTTXTest.test_os2_in_keys(): OK
bakery_lint.tests.upstream.test_check_ttx_requirements.SourceTTXTest.test_ttx_doesnt_contain_duplicate_glyphs(): OK
bakery_lint.tests.upstream.test_check_ttx_fontfamily_recommendations.TTX_FontFamilyNamingTest.test_ttx_family_naming_recommendation(): OK
bakery_lint.tests.upstream.test_glyphname_does_not_contain_disallowed_chars.TestGlyphNameDoesNotContainsDisallowedChars.test_glyphname_does_not_contain_disallowed_chars(): FAIL
### (4 of 6) Convert sources to TTF
$ ttx -d /home/travis/build/fontdirectory/rajdhani/builds/build /home/travis/build/fontdirectory/rajdhani/builds/build/sources/RajdhaniSemibold-Regular.ttx /home/travis/build/fontdirectory/rajdhani/builds/build/sources/RajdhaniMedium-Regular.ttx /home/travis/build/fontdirectory/rajdhani/builds/build/sources/Rajdhani-Regular.ttx /home/travis/build/fontdirectory/rajdhani/builds/build/sources/RajdhaniLight-Regular.ttx /home/travis/build/fontdirectory/rajdhani/builds/build/sources/RajdhaniBold-Regular.ttx
$ fontbakery-build-font2ttf.py sources/RajdhaniSemibold-Regular.otf RajdhaniSemibold-Regular.ttf
Warning: Mac and Windows entries in the 'name' table differ for the
 Sample Text string in the language English (US)
 Mac String: 2D	3E	30	24 	24	25	3E 	35	48	36	4D	35	3F	15 	1C	17	24 	15	47 	32	3F	0F 	2E	4C	32	3F	15 	0F	35	2E	4D 	09	24	4D	15	43	37	4D	1F 	2B	49	28	4D	1F	64
Windows String: ‡§≠‡§æ‡§∞‡§§ ‡§§‡§•‡§æ ‡§µ‡•à‡§∂‡•ç‡§µ‡§ø‡§ï ‡§ú‡§ó‡§§ ‡§ï‡•á ‡§≤‡§ø‡§è ‡§Æ‡•å‡§≤‡§ø‡§ï ‡§è‡§µ‡§Æ‡•ç ‡§â‡§§‡•
Success: Generated OpenType-TTF (/home/travis/build/fontdirectory/rajdhani/builds/build/RajdhaniSemibold-Regular.ttf)
Compiling "/home/travis/build/fontdirectory/rajdhani/builds/build/sources/RajdhaniSemibold-Regular.ttx" to "/home/travis/build/fontdirectory/rajdhani/builds/build/RajdhaniSemibold-Regular.otf"...
Parsing 'GlyphOrder' table...
Parsing 'head' table...
Parsing 'hhea' table...
Parsing 'maxp' table...
Parsing 'OS/2' table...
Parsing 'name' table...
Parsing 'cmap' table...
Parsing 'post' table...
Parsing 'CFF ' table...
Parsing 'GDEF' table...
Parsing 'GPOS' table...
Parsing 'GSUB' table...
Parsing 'hmtx' table...
Compiling "/home/travis/build/fontdirectory/rajdhani/builds/build/sources/RajdhaniMedium-Regular.ttx" to "/home/travis/build/fontdirectory/rajdhani/builds/build/RajdhaniMedium-Regular.otf"...
Parsing 'GlyphOrder' table...
Parsing 'head' table...
Parsing 'hhea' table...
Parsing 'maxp' table...
Parsing 'OS/2' table...
Parsing 'name' table...
Parsing 'cmap' table...
Parsing 'post' table...
Parsing 'CFF ' table...
Parsing 'FFTM' table...
Parsing 'GDEF' table...
Parsing 'GPOS' table...
Parsing 'GSUB' table...
Parsing 'hmtx' table...
Compiling "/home/travis/build/fontdirectory/rajdhani/builds/build/sources/Rajdhani-Regular.ttx" to "/home/travis/build/fontdirectory/rajdhani/builds/build/Rajdhani-Regular.otf"...
Parsing 'GlyphOrder' table...
Parsing 'head' table...
Parsing 'hhea' table...
Parsing 'maxp' table...
Parsing 'OS/2' table...
Parsing 'name' table...
Parsing 'cmap' table...
Parsing 'post' table...
Parsing 'CFF ' table...
Parsing 'FFTM' table...
Parsing 'GDEF' table...
Parsing 'GPOS' table...
Parsing 'GSUB' table...
Parsing 'hmtx' table...
Compiling "/home/travis/build/fontdirectory/rajdhani/builds/build/sources/RajdhaniLight-Regular.ttx" to "/home/travis/build/fontdirectory/rajdhani/builds/build/RajdhaniLight-Regular.ttf"...
Parsing 'GlyphOrder' table...
Parsing 'head' table...
Parsing 'hhea' table...
Parsing 'maxp' table...
Parsing 'OS/2' table...
Parsing 'hmtx' table...
Parsing 'cmap' table...
Parsing 'fpgm' table...
Parsing 'prep' table...
Parsing 'cvt ' table...
Parsing 'loca' table...
Parsing 'glyf' table...
Parsing 'name' table...
Parsing 'post' table...
Parsing 'gasp' table...
Parsing 'FFTM' table...
Parsing 'GDEF' table...
Parsing 'GPOS' table...
Parsing 'GSUB' table...
Parsing 'DSIG' table...
Compiling "/home/travis/build/fontdirectory/rajdhani/builds/build/sources/RajdhaniBold-Regular.ttx" to "/home/travis/build/fontdirectory/rajdhani/builds/build/RajdhaniBold-Regular.otf"...
Parsing 'GlyphOrder' table...
Parsing 'head' table...
Parsing 'hhea' table...
Parsing 'maxp' table...
Parsing 'OS/2' table...
Parsing 'name' table...
Parsing 'cmap' table...
Parsing 'post' table...
Parsing 'CFF ' table...
Parsing 'FFTM' table...
Parsing 'GDEF' table...
Parsing 'GPOS' table...
Parsing 'GSUB' table...
Parsing 'hmtx' table...
strippedname:/home/travis/build/fontdirectory/rajdhani/builds/build/RajdhaniSemibold-Regular.otf
### Test RajdhaniSemibold-Regular.ttf
$ fontbakery-check.py result RajdhaniSemibold-Regular.ttf
bakery_lint.tests.downstream.test_check_italic_angle_agreement.CheckItalicAngleAgreement.test_check_italic_angle_agreement(): OK
bakery_lint.tests.downstream.test_check_upm_heights_less_120.TestCheckUPMHeightsLess120.test_check_upm_heigths_less_120(): FAIL
bakery_lint.tests.downstream.test_check_font_tables.CheckFontHasDsigTable.test_check_font_has_dsig_table(): OK
bakery_lint.tests.downstream.test_check_font_tables.CheckFontHasNotKernTable.test_no_kern_table_exists(): OK
bakery_lint.tests.downstream.test_check_name_table_recommendation.CheckStyleNameRecommendation.test_check_stylename_is_under_recommendations(): OK
bakery_lint.tests.downstream.test_check_name_table_recommendation.CheckOTFamilyNameRecommendation.test_check_opentype_familyname(): FAIL
$ fontbakery-fix-opentype-names.py /home/travis/build/fontdirectory/rajdhani/builds/build/RajdhaniSemibold-Regular.ttf
$ mv /home/travis/build/fontdirectory/rajdhani/builds/build/RajdhaniSemibold-Regular.ttf.fix /home/travis/build/fontdirectory/rajdhani/builds/build/RajdhaniSemibold-Regular.ttf
bakery_lint.tests.downstream.test_check_name_table_recommendation.CheckOTFamilyNameRecommendation.test_check_opentype_familyname(): OK
bakery_lint.tests.downstream.test_check_name_table_recommendation.CheckOTStyleNameRecommendation.test_check_opentype_stylename(): OK
bakery_lint.tests.downstream.test_check_name_table_recommendation.CheckOTFullNameRecommendation.test_check_opentype_fullname(): OK
bakery_lint.tests.downstream.test_check_nbsp_width_matches_sp_width.CheckNbspWidthMatchesSpWidth.test_check_nbsp_width_matches_sp_width(): OK
bakery_lint.tests.downstream.test_check_names_same_across_platforms.CheckNamesSameAcrossPlatforms.test_check_names_same_across_platforms(): FAIL
bakery_lint.tests.downstream.test_check_panose_identification.CheckPanoseIdentification.test_check_panose_identification(): OK
bakery_lint.tests.downstream.test_check_license_included.CheckLicenseIncluded.test_license_included_in_font_names(): OK
bakery_lint.tests.downstream.test_check_full_font_name_begins_with_family_name.CheckFullFontNameBeginsWithFamilyName.test_check_full_font_name_begins_with_family_name(): OK
bakery_lint.tests.downstream.test_check_unused_glyph_data.CheckUnusedGlyphData.test_check_unused_glyph_data(): ERROR
bakery_lint.tests.downstream.test_gasp_table_value.CheckGaspTableType.test_check_gasp_table_type(): FAIL
$ fontbakery-fix-gasp.py --set=15 /home/travis/build/fontdirectory/rajdhani/builds/build/RajdhaniSemibold-Regular.ttf
$ mv /home/travis/build/fontdirectory/rajdhani/builds/build/RajdhaniSemibold-Regular.ttf.fix /home/travis/build/fontdirectory/rajdhani/builds/build/RajdhaniSemibold-Regular.ttf
bakery_lint.tests.downstream.test_gasp_table_value.CheckGaspTableType.test_check_gasp_table_type(): OK
$ fontbakery-fix-gasp.py --set=15 /home/travis/build/fontdirectory/rajdhani/builds/build/RajdhaniSemibold-Regular.ttf
$ mv /home/travis/build/fontdirectory/rajdhani/builds/build/RajdhaniSemibold-Regular.ttf.fix /home/travis/build/fontdirectory/rajdhani/builds/build/RajdhaniSemibold-Regular.ttf
bakery_lint.tests.downstream.test_check_hmtx_hhea_max_advance_width_agreement.CheckHmtxHheaMaxAdvanceWidthAgreement.test_check_hmtx_hhea_max_advance_width_agreement(): OK
bakery_lint.tests.downstream.test_check_font_agreements.CheckFsTypeIsNotSet.test_is_fstype_not_set(): OK
$ fontbakery-fix-fstype.py --autofix /home/travis/build/fontdirectory/rajdhani/builds/build/RajdhaniSemibold-Regular.ttf
$ mv /home/travis/build/fontdirectory/rajdhani/builds/build/RajdhaniSemibold-Regular.ttf.fix /home/travis/build/fontdirectory/rajdhani/builds/build/RajdhaniSemibold-Regular.ttf
bakery_lint.tests.downstream.test_check_font_agreements.CheckFontAgreements.test_em_is_1000(): OK
bakery_lint.tests.downstream.test_check_font_agreements.CheckFontAgreements.test_font_is_font(): OK
bakery_lint.tests.downstream.test_check_font_agreements.CheckFontAgreements.test_latin_file_exists(): FAIL
bakery_lint.tests.downstream.test_check_font_agreements.CheckFontAgreements.test_menu_file_exists(): FAIL
bakery_lint.tests.downstream.test_check_magic_prep_code.CheckMagicPREPByteCode.test_prep_magic_code(): FAIL
bakery_lint.tests.downstream.test_check_unencoded_glyph.TestFontUnencodedGlyph.test_font_unencoded_glyphs(): FAIL
$ fontbakery-fix-glyph-private-encoding.py --autofix /home/travis/build/fontdirectory/rajdhani/builds/build/RajdhaniSemibold-Regular.ttf
$ mv /home/travis/build/fontdirectory/rajdhani/builds/build/RajdhaniSemibold-Regular.ttf.fix /home/travis/build/fontdirectory/rajdhani/builds/build/RajdhaniSemibold-Regular.ttf
bakery_lint.tests.downstream.test_check_unencoded_glyph.TestFontUnencodedGlyph.test_font_unencoded_glyphs(): FAIL
bakery_lint.tests.downstream.test_check_glyph_existence.CheckGlyphExistence.test_euro(): OK
bakery_lint.tests.downstream.test_check_glyph_existence.CheckGlyphExistence.test_nbsp(): OK
bakery_lint.tests.downstream.test_check_glyph_existence.CheckGlyphExistence.test_space(): OK
bakery_lint.tests.downstream.test_check_vertical_metrics.CheckVerticalLinegapMetrics.test_metrics_linegaps_are_zero(): FAIL
$ fontbakery-fix-vertical-metrics.py --autofix /home/travis/build/fontdirectory/rajdhani/builds/build/RajdhaniBold-Regular.otf /home/travis/build/fontdirectory/rajdhani/builds/build/Rajdhani-Regular.otf /home/travis/build/fontdirectory/rajdhani/builds/build/RajdhaniLight-Regular.ttf /home/travis/build/fontdirectory/rajdhani/builds/build/RajdhaniSemibold-Regular.ttf /home/travis/build/fontdirectory/rajdhani/builds/build/RajdhaniMedium-Regular.otf
$ mv /home/travis/build/fontdirectory/rajdhani/builds/build/RajdhaniBold-Regular.otf.fix /home/travis/build/fontdirectory/rajdhani/builds/build/RajdhaniBold-Regular.otf
$ mv /home/travis/build/fontdirectory/rajdhani/builds/build/Rajdhani-Regular.otf.fix /home/travis/build/fontdirectory/rajdhani/builds/build/Rajdhani-Regular.otf
$ mv /home/travis/build/fontdirectory/rajdhani/builds/build/RajdhaniLight-Regular.ttf.fix /home/travis/build/fontdirectory/rajdhani/builds/build/RajdhaniLight-Regular.ttf
$ mv /home/travis/build/fontdirectory/rajdhani/builds/build/RajdhaniSemibold-Regular.ttf.fix /home/travis/build/fontdirectory/rajdhani/builds/build/RajdhaniSemibold-Regular.ttf
$ mv /home/travis/build/fontdirectory/rajdhani/builds/build/RajdhaniMedium-Regular.otf.fix /home/travis/build/fontdirectory/rajdhani/builds/build/RajdhaniMedium-Regular.otf
$ fontbakery-fix-vertical-metrics.py /home/travis/build/fontdirectory/rajdhani/builds/build/RajdhaniBold-Regular.otf /home/travis/build/fontdirectory/rajdhani/builds/build/Rajdhani-Regular.otf /home/travis/build/fontdirectory/rajdhani/builds/build/RajdhaniLight-Regular.ttf /home/travis/build/fontdirectory/rajdhani/builds/build/RajdhaniSemibold-Regular.ttf /home/travis/build/fontdirectory/rajdhani/builds/build/RajdhaniMedium-Regular.otf
Parameter              RajdhaniBold-Regular.otf    Rajdhani-Regular.otf    RajdhaniLight-Regular.ttf    RajdhaniSemibold-Regular.ttf    RajdhaniMedium-Regular.otf    
ymax                   930                         888                     877                          914                             900                           
hhea.ascent            930                         930                     930                          930                             930                           
OS/2.sTypoAscender     930                         930                     930                          930                             930                           
OS/2.usWinAscent       930                         930                     930                          930                             930                           
ymin                   -346                        -314                    -306                         -334                            -323                          
hhea.descent           -346                        -346                    -346                         -346                            -346                          
OS/2.sTypoDescender    -346                        -346                    -346                         -346                            -346                          
OS/2.usWinDescent      346                         346                     346                          346                             346                           
hhea.lineGap           0                           0                       0                            0                               0                             
OS/2.sTypoLineGap      0                           0                       0                            0                               0                             
hhea total             1276                        1276                    1276                         1276                            1276                          
typo total             1276                        1276                    1276                         1276                            1276                          
win total              1276                        1276                    1276                         1276                            1276                          
UPM:Heights            1000:1276                   1000:1202               1000:1183                    1000:1248                       1000:1223                     
UPM:Heights %          127 %                       120 %                   118 %                        124 %                           122 %                         


bakery_lint.tests.downstream.test_check_vertical_metrics.CheckVerticalLinegapMetrics.test_metrics_linegaps_are_zero(): OK
bakery_lint.tests.downstream.test_check_vertical_metrics.CheckVerticalAscentMetrics.test_metrics_ascents_equal_bbox(): OK
bakery_lint.tests.downstream.test_check_vertical_metrics.CheckVerticalDescentMetrics.test_metrics_descents_equal_bbox(): OK
bakery_lint.tests.downstream.test_names_are_ascii_only.CheckNamesAreASCIIOnly.test_check_names_are_ascii_only(): FAIL
$ fontbakery-fix-ascii-fontmetadata.py /home/travis/build/fontdirectory/rajdhani/builds/build/RajdhaniSemibold-Regular.ttf
$ mv /home/travis/build/fontdirectory/rajdhani/builds/build/RajdhaniSemibold-Regular.ttf.fix /home/travis/build/fontdirectory/rajdhani/builds/build/RajdhaniSemibold-Regular.ttf
bakery_lint.tests.downstream.test_names_are_ascii_only.CheckNamesAreASCIIOnly.test_check_names_are_ascii_only(): OK
bakery_lint.tests.downstream.test_check_glyf_table_length.CheckGlyfTableLength.test_check_glyf_table_length(): FAIL
bakery_lint.tests.downstream.test_check_os2_width_class.CheckOS2WidthClass.test_check_os2_width_class(): OK
bakery_lint.tests.downstream.test_check_no_problematic_formats.CheckNoProblematicFormats.test_check_no_problematic_formats(): OK
bakery_lint.tests.downstream.test_check_fontname_matches_macstyle.CheckFontNameEqualToMacStyleFlags.test_fontname_is_equal_to_macstyle(): FAIL
bakery_lint.tests.downstream.test_gpos_table_has_kerning_info.CheckGposTableHasKerningInfo.test_gpos_table_has_kerning_info(): FAIL
The following table(s) in the font have been ignored by FontForge
  Ignoring 'DSIG' digital signature table
Warning: Mac string is a subset of the Windows string in the 'name' table
 for the Preferred Family string in the English (US) language.
Warning: Mac and Windows entries in the 'name' table differ for the
 Preferred Styles string in the language English (US)
 Mac String: Semibold
Windows String: Regular
bakery_lint.tests.downstream.test_fontforge_validation_state.FontForgeValidateStateTest.test_allowed_numbers_paths_in_composite_glyphs(): OK
bakery_lint.tests.downstream.test_fontforge_validation_state.FontForgeValidateStateTest.test_allowed_numbers_paths_in_glyphs(): OK
bakery_lint.tests.downstream.test_fontforge_validation_state.FontForgeValidateStateTest.test_allowed_numbers_points_in_composite_glyphs(): OK
bakery_lint.tests.downstream.test_fontforge_validation_state.FontForgeValidateStateTest.test_allowed_numbers_points_in_glyphs(): OK
bakery_lint.tests.downstream.test_fontforge_validation_state.FontForgeValidateStateTest.test_duplicate_glyphs(): OK
bakery_lint.tests.downstream.test_fontforge_validation_state.FontForgeValidateStateTest.test_duplicate_unicode_codepoints(): OK
bakery_lint.tests.downstream.test_fontforge_validation_state.FontForgeValidateStateTest.test_flipped_reference_in_glyphs(): OK
bakery_lint.tests.downstream.test_fontforge_validation_state.FontForgeValidateStateTest.test_missing_anchors(): OK
bakery_lint.tests.downstream.test_fontforge_validation_state.FontForgeValidateStateTest.test_missing_extrema_in_glyphs(): FAIL
bakery_lint.tests.downstream.test_fontforge_validation_state.FontForgeValidateStateTest.test_overlapped_hints(): OK
bakery_lint.tests.downstream.test_fontforge_validation_state.FontForgeValidateStateTest.test_points_are_integer_aligned(): OK
bakery_lint.tests.downstream.test_fontforge_validation_state.FontForgeValidateStateTest.test_points_are_not_too_far_apart(): OK
bakery_lint.tests.downstream.test_fontforge_validation_state.FontForgeValidateStateTest.test_postscript_hasnt_limit_hints_in_glyphs(): OK
bakery_lint.tests.downstream.test_fontforge_validation_state.FontForgeValidateStateTest.test_postscript_hasnt_limit_points_in_glyphs(): OK
bakery_lint.tests.downstream.test_fontforge_validation_state.FontForgeValidateStateTest.test_referenced_glyphs_are_present(): OK
bakery_lint.tests.downstream.test_fontforge_validation_state.FontForgeValidateStateTest.test_valid_glyph_names(): OK
bakery_lint.tests.downstream.test_fontforge_validation_state.FontForgeValidateStateTest.test_valid_length_instructions(): OK
bakery_lint.tests.downstream.test_fontforge_validation_state.FontForgeValidateStateTest.test_validation_glyph_intersect(): FAIL
bakery_lint.tests.downstream.test_fontforge_validation_state.FontForgeValidateStateTest.test_validation_open_contours(): OK
bakery_lint.tests.downstream.test_fontforge_validation_state.FontForgeValidateStateTest.test_wrong_direction_in_glyphs(): OK
### Optimize TTF RajdhaniSemibold-Regular.ttf
$ ls -l 'RajdhaniSemibold-Regular.ttf'* # look at the size savings of that subset process
RajdhaniSemibold-Regular.ttf.opt: 211156 bytes
RajdhaniSemibold-Regular.ttf: 234516 bytes
$ mv /home/travis/build/fontdirectory/rajdhani/builds/build/RajdhaniSemibold-Regular.ttf.opt /home/travis/build/fontdirectory/rajdhani/builds/build/RajdhaniSemibold-Regular.ttf
### Autohint TTFs (ttfautohint) RajdhaniSemibold-Regular.ttf
$ ttfautohint -l 7 -r 28 -G 50 -x 13 -w "G" /home/travis/build/fontdirectory/rajdhani/builds/build/RajdhaniSemibold-Regular.ttf '/home/travis/build/fontdirectory/rajdhani/builds/build/RajdhaniSemibold-Regular.autohint.ttf'

$ ls -l /home/travis/build/fontdirectory/rajdhani/builds/build/RajdhaniSemibold-Regular.*ttf # look at the size savings of that subset process
/home/travis/build/fontdirectory/rajdhani/builds/build/RajdhaniSemibold-Regular.ttf: 211156 bytes
/home/travis/build/fontdirectory/rajdhani/builds/build/RajdhaniSemibold-Regular.autohint.ttf: 359916 bytes
$ mv /home/travis/build/fontdirectory/rajdhani/builds/build/RajdhaniSemibold-Regular.autohint.ttf /home/travis/build/fontdirectory/rajdhani/builds/build/RajdhaniSemibold-Regular.ttf
### Subset TTFs (pyftsubset) RajdhaniSemibold-Regular.ttf
$ pyftsubset RajdhaniSemibold-Regular.latin
$ pyftsubset RajdhaniSemibold-Regular.menu
strippedname:/home/travis/build/fontdirectory/rajdhani/builds/build/RajdhaniSemibold-Regular.ttf
$ fontbakery-build-font2ttf.py sources/RajdhaniMedium-Regular.otf RajdhaniMedium-Regular.ttf
Success: Generated OpenType-TTF (/home/travis/build/fontdirectory/rajdhani/builds/build/RajdhaniMedium-Regular.ttf)
strippedname:/home/travis/build/fontdirectory/rajdhani/builds/build/RajdhaniMedium-Regular.otf
### Test RajdhaniMedium-Regular.ttf
$ fontbakery-check.py result RajdhaniMedium-Regular.ttf
bakery_lint.tests.downstream.test_check_italic_angle_agreement.CheckItalicAngleAgreement.test_check_italic_angle_agreement(): OK
bakery_lint.tests.downstream.test_check_upm_heights_less_120.TestCheckUPMHeightsLess120.test_check_upm_heigths_less_120(): FAIL
bakery_lint.tests.downstream.test_check_font_tables.CheckFontHasDsigTable.test_check_font_has_dsig_table(): OK
bakery_lint.tests.downstream.test_check_font_tables.CheckFontHasNotKernTable.test_no_kern_table_exists(): OK
bakery_lint.tests.downstream.test_check_name_table_recommendation.CheckStyleNameRecommendation.test_check_stylename_is_under_recommendations(): OK
bakery_lint.tests.downstream.test_check_name_table_recommendation.CheckOTFamilyNameRecommendation.test_check_opentype_familyname(): FAIL
$ fontbakery-fix-opentype-names.py /home/travis/build/fontdirectory/rajdhani/builds/build/RajdhaniMedium-Regular.ttf
$ mv /home/travis/build/fontdirectory/rajdhani/builds/build/RajdhaniMedium-Regular.ttf.fix /home/travis/build/fontdirectory/rajdhani/builds/build/RajdhaniMedium-Regular.ttf
bakery_lint.tests.downstream.test_check_name_table_recommendation.CheckOTFamilyNameRecommendation.test_check_opentype_familyname(): OK
bakery_lint.tests.downstream.test_check_name_table_recommendation.CheckOTStyleNameRecommendation.test_check_opentype_stylename(): OK
bakery_lint.tests.downstream.test_check_name_table_recommendation.CheckOTFullNameRecommendation.test_check_opentype_fullname(): OK
bakery_lint.tests.downstream.test_check_nbsp_width_matches_sp_width.CheckNbspWidthMatchesSpWidth.test_check_nbsp_width_matches_sp_width(): OK
bakery_lint.tests.downstream.test_check_names_same_across_platforms.CheckNamesSameAcrossPlatforms.test_check_names_same_across_platforms(): FAIL
bakery_lint.tests.downstream.test_check_panose_identification.CheckPanoseIdentification.test_check_panose_identification(): OK
bakery_lint.tests.downstream.test_check_license_included.CheckLicenseIncluded.test_license_included_in_font_names(): OK
bakery_lint.tests.downstream.test_check_full_font_name_begins_with_family_name.CheckFullFontNameBeginsWithFamilyName.test_check_full_font_name_begins_with_family_name(): OK
bakery_lint.tests.downstream.test_check_unused_glyph_data.CheckUnusedGlyphData.test_check_unused_glyph_data(): ERROR
bakery_lint.tests.downstream.test_gasp_table_value.CheckGaspTableType.test_check_gasp_table_type(): FAIL
$ fontbakery-fix-gasp.py --set=15 /home/travis/build/fontdirectory/rajdhani/builds/build/RajdhaniMedium-Regular.ttf
$ mv /home/travis/build/fontdirectory/rajdhani/builds/build/RajdhaniMedium-Regular.ttf.fix /home/travis/build/fontdirectory/rajdhani/builds/build/RajdhaniMedium-Regular.ttf
bakery_lint.tests.downstream.test_gasp_table_value.CheckGaspTableType.test_check_gasp_table_type(): OK
$ fontbakery-fix-gasp.py --set=15 /home/travis/build/fontdirectory/rajdhani/builds/build/RajdhaniMedium-Regular.ttf
$ mv /home/travis/build/fontdirectory/rajdhani/builds/build/RajdhaniMedium-Regular.ttf.fix /home/travis/build/fontdirectory/rajdhani/builds/build/RajdhaniMedium-Regular.ttf
bakery_lint.tests.downstream.test_check_hmtx_hhea_max_advance_width_agreement.CheckHmtxHheaMaxAdvanceWidthAgreement.test_check_hmtx_hhea_max_advance_width_agreement(): OK
bakery_lint.tests.downstream.test_check_font_agreements.CheckFsTypeIsNotSet.test_is_fstype_not_set(): OK
$ fontbakery-fix-fstype.py --autofix /home/travis/build/fontdirectory/rajdhani/builds/build/RajdhaniMedium-Regular.ttf
$ mv /home/travis/build/fontdirectory/rajdhani/builds/build/RajdhaniMedium-Regular.ttf.fix /home/travis/build/fontdirectory/rajdhani/builds/build/RajdhaniMedium-Regular.ttf
bakery_lint.tests.downstream.test_check_font_agreements.CheckFontAgreements.test_em_is_1000(): OK
bakery_lint.tests.downstream.test_check_font_agreements.CheckFontAgreements.test_font_is_font(): OK
bakery_lint.tests.downstream.test_check_font_agreements.CheckFontAgreements.test_latin_file_exists(): FAIL
bakery_lint.tests.downstream.test_check_font_agreements.CheckFontAgreements.test_menu_file_exists(): FAIL
bakery_lint.tests.downstream.test_check_magic_prep_code.CheckMagicPREPByteCode.test_prep_magic_code(): FAIL
bakery_lint.tests.downstream.test_check_unencoded_glyph.TestFontUnencodedGlyph.test_font_unencoded_glyphs(): FAIL
$ fontbakery-fix-glyph-private-encoding.py --autofix /home/travis/build/fontdirectory/rajdhani/builds/build/RajdhaniMedium-Regular.ttf
$ mv /home/travis/build/fontdirectory/rajdhani/builds/build/RajdhaniMedium-Regular.ttf.fix /home/travis/build/fontdirectory/rajdhani/builds/build/RajdhaniMedium-Regular.ttf
bakery_lint.tests.downstream.test_check_unencoded_glyph.TestFontUnencodedGlyph.test_font_unencoded_glyphs(): FAIL
bakery_lint.tests.downstream.test_check_glyph_existence.CheckGlyphExistence.test_euro(): OK
bakery_lint.tests.downstream.test_check_glyph_existence.CheckGlyphExistence.test_nbsp(): OK
bakery_lint.tests.downstream.test_check_glyph_existence.CheckGlyphExistence.test_space(): OK
bakery_lint.tests.downstream.test_check_vertical_metrics.CheckVerticalLinegapMetrics.test_metrics_linegaps_are_zero(): OK
bakery_lint.tests.downstream.test_check_vertical_metrics.CheckVerticalAscentMetrics.test_metrics_ascents_equal_bbox(): OK
bakery_lint.tests.downstream.test_check_vertical_metrics.CheckVerticalDescentMetrics.test_metrics_descents_equal_bbox(): OK
bakery_lint.tests.downstream.test_names_are_ascii_only.CheckNamesAreASCIIOnly.test_check_names_are_ascii_only(): FAIL
$ fontbakery-fix-ascii-fontmetadata.py /home/travis/build/fontdirectory/rajdhani/builds/build/RajdhaniMedium-Regular.ttf
$ mv /home/travis/build/fontdirectory/rajdhani/builds/build/RajdhaniMedium-Regular.ttf.fix /home/travis/build/fontdirectory/rajdhani/builds/build/RajdhaniMedium-Regular.ttf
bakery_lint.tests.downstream.test_names_are_ascii_only.CheckNamesAreASCIIOnly.test_check_names_are_ascii_only(): OK
bakery_lint.tests.downstream.test_check_glyf_table_length.CheckGlyfTableLength.test_check_glyf_table_length(): FAIL
bakery_lint.tests.downstream.test_check_os2_width_class.CheckOS2WidthClass.test_check_os2_width_class(): OK
bakery_lint.tests.downstream.test_check_no_problematic_formats.CheckNoProblematicFormats.test_check_no_problematic_formats(): OK
bakery_lint.tests.downstream.test_check_fontname_matches_macstyle.CheckFontNameEqualToMacStyleFlags.test_fontname_is_equal_to_macstyle(): FAIL
bakery_lint.tests.downstream.test_gpos_table_has_kerning_info.CheckGposTableHasKerningInfo.test_gpos_table_has_kerning_info(): FAIL
The following table(s) in the font have been ignored by FontForge
  Ignoring 'DSIG' digital signature table
Warning: Mac string is a subset of the Windows string in the 'name' table
 for the Preferred Family string in the English (US) language.
Warning: Mac and Windows entries in the 'name' table differ for the
 Preferred Styles string in the language English (US)
 Mac String: Medium
Windows String: Regular
bakery_lint.tests.downstream.test_fontforge_validation_state.FontForgeValidateStateTest.test_allowed_numbers_paths_in_composite_glyphs(): OK
bakery_lint.tests.downstream.test_fontforge_validation_state.FontForgeValidateStateTest.test_allowed_numbers_paths_in_glyphs(): OK
bakery_lint.tests.downstream.test_fontforge_validation_state.FontForgeValidateStateTest.test_allowed_numbers_points_in_composite_glyphs(): OK
bakery_lint.tests.downstream.test_fontforge_validation_state.FontForgeValidateStateTest.test_allowed_numbers_points_in_glyphs(): OK
bakery_lint.tests.downstream.test_fontforge_validation_state.FontForgeValidateStateTest.test_duplicate_glyphs(): OK
bakery_lint.tests.downstream.test_fontforge_validation_state.FontForgeValidateStateTest.test_duplicate_unicode_codepoints(): OK
bakery_lint.tests.downstream.test_fontforge_validation_state.FontForgeValidateStateTest.test_flipped_reference_in_glyphs(): OK
bakery_lint.tests.downstream.test_fontforge_validation_state.FontForgeValidateStateTest.test_missing_anchors(): OK
bakery_lint.tests.downstream.test_fontforge_validation_state.FontForgeValidateStateTest.test_missing_extrema_in_glyphs(): FAIL
bakery_lint.tests.downstream.test_fontforge_validation_state.FontForgeValidateStateTest.test_overlapped_hints(): OK
bakery_lint.tests.downstream.test_fontforge_validation_state.FontForgeValidateStateTest.test_points_are_integer_aligned(): OK
bakery_lint.tests.downstream.test_fontforge_validation_state.FontForgeValidateStateTest.test_points_are_not_too_far_apart(): OK
bakery_lint.tests.downstream.test_fontforge_validation_state.FontForgeValidateStateTest.test_postscript_hasnt_limit_hints_in_glyphs(): OK
bakery_lint.tests.downstream.test_fontforge_validation_state.FontForgeValidateStateTest.test_postscript_hasnt_limit_points_in_glyphs(): OK
bakery_lint.tests.downstream.test_fontforge_validation_state.FontForgeValidateStateTest.test_referenced_glyphs_are_present(): OK
bakery_lint.tests.downstream.test_fontforge_validation_state.FontForgeValidateStateTest.test_valid_glyph_names(): OK
bakery_lint.tests.downstream.test_fontforge_validation_state.FontForgeValidateStateTest.test_valid_length_instructions(): OK
bakery_lint.tests.downstream.test_fontforge_validation_state.FontForgeValidateStateTest.test_validation_glyph_intersect(): FAIL
bakery_lint.tests.downstream.test_fontforge_validation_state.FontForgeValidateStateTest.test_validation_open_contours(): OK
bakery_lint.tests.downstream.test_fontforge_validation_state.FontForgeValidateStateTest.test_wrong_direction_in_glyphs(): OK
### Optimize TTF RajdhaniMedium-Regular.ttf
$ ls -l 'RajdhaniMedium-Regular.ttf'* # look at the size savings of that subset process
RajdhaniMedium-Regular.ttf.opt: 211580 bytes
RajdhaniMedium-Regular.ttf: 235148 bytes
$ mv /home/travis/build/fontdirectory/rajdhani/builds/build/RajdhaniMedium-Regular.ttf.opt /home/travis/build/fontdirectory/rajdhani/builds/build/RajdhaniMedium-Regular.ttf
### Autohint TTFs (ttfautohint) RajdhaniMedium-Regular.ttf
$ ttfautohint -l 7 -r 28 -G 50 -x 13 -w "G" /home/travis/build/fontdirectory/rajdhani/builds/build/RajdhaniMedium-Regular.ttf '/home/travis/build/fontdirectory/rajdhani/builds/build/RajdhaniMedium-Regular.autohint.ttf'

$ ls -l /home/travis/build/fontdirectory/rajdhani/builds/build/RajdhaniMedium-Regular.*ttf # look at the size savings of that subset process
/home/travis/build/fontdirectory/rajdhani/builds/build/RajdhaniMedium-Regular.ttf: 211580 bytes
/home/travis/build/fontdirectory/rajdhani/builds/build/RajdhaniMedium-Regular.autohint.ttf: 354424 bytes
$ mv /home/travis/build/fontdirectory/rajdhani/builds/build/RajdhaniMedium-Regular.autohint.ttf /home/travis/build/fontdirectory/rajdhani/builds/build/RajdhaniMedium-Regular.ttf
### Subset TTFs (pyftsubset) RajdhaniMedium-Regular.ttf
$ pyftsubset RajdhaniMedium-Regular.latin
$ pyftsubset RajdhaniMedium-Regular.menu
strippedname:/home/travis/build/fontdirectory/rajdhani/builds/build/RajdhaniMedium-Regular.ttf
$ fontbakery-build-font2ttf.py sources/Rajdhani-Regular.otf Rajdhani-Regular.ttf
Success: Generated OpenType-TTF (/home/travis/build/fontdirectory/rajdhani/builds/build/Rajdhani-Regular.ttf)
strippedname:/home/travis/build/fontdirectory/rajdhani/builds/build/Rajdhani-Regular.otf
### Test Rajdhani-Regular.ttf
$ fontbakery-check.py result Rajdhani-Regular.ttf
bakery_lint.tests.downstream.test_check_italic_angle_agreement.CheckItalicAngleAgreement.test_check_italic_angle_agreement(): OK
bakery_lint.tests.downstream.test_check_upm_heights_less_120.TestCheckUPMHeightsLess120.test_check_upm_heigths_less_120(): FAIL
bakery_lint.tests.downstream.test_check_font_tables.CheckFontHasDsigTable.test_check_font_has_dsig_table(): OK
bakery_lint.tests.downstream.test_check_font_tables.CheckFontHasNotKernTable.test_no_kern_table_exists(): OK
bakery_lint.tests.downstream.test_check_name_table_recommendation.CheckStyleNameRecommendation.test_check_stylename_is_under_recommendations(): OK
bakery_lint.tests.downstream.test_check_name_table_recommendation.CheckOTFamilyNameRecommendation.test_check_opentype_familyname(): FAIL
$ fontbakery-fix-opentype-names.py /home/travis/build/fontdirectory/rajdhani/builds/build/Rajdhani-Regular.ttf
$ mv /home/travis/build/fontdirectory/rajdhani/builds/build/Rajdhani-Regular.ttf.fix /home/travis/build/fontdirectory/rajdhani/builds/build/Rajdhani-Regular.ttf
bakery_lint.tests.downstream.test_check_name_table_recommendation.CheckOTFamilyNameRecommendation.test_check_opentype_familyname(): OK
bakery_lint.tests.downstream.test_check_name_table_recommendation.CheckOTStyleNameRecommendation.test_check_opentype_stylename(): OK
bakery_lint.tests.downstream.test_check_name_table_recommendation.CheckOTFullNameRecommendation.test_check_opentype_fullname(): OK
bakery_lint.tests.downstream.test_check_nbsp_width_matches_sp_width.CheckNbspWidthMatchesSpWidth.test_check_nbsp_width_matches_sp_width(): OK
bakery_lint.tests.downstream.test_check_names_same_across_platforms.CheckNamesSameAcrossPlatforms.test_check_names_same_across_platforms(): FAIL
bakery_lint.tests.downstream.test_check_panose_identification.CheckPanoseIdentification.test_check_panose_identification(): OK
bakery_lint.tests.downstream.test_check_license_included.CheckLicenseIncluded.test_license_included_in_font_names(): OK
bakery_lint.tests.downstream.test_check_full_font_name_begins_with_family_name.CheckFullFontNameBeginsWithFamilyName.test_check_full_font_name_begins_with_family_name(): OK
bakery_lint.tests.downstream.test_check_unused_glyph_data.CheckUnusedGlyphData.test_check_unused_glyph_data(): ERROR
bakery_lint.tests.downstream.test_gasp_table_value.CheckGaspTableType.test_check_gasp_table_type(): FAIL
$ fontbakery-fix-gasp.py --set=15 /home/travis/build/fontdirectory/rajdhani/builds/build/Rajdhani-Regular.ttf
$ mv /home/travis/build/fontdirectory/rajdhani/builds/build/Rajdhani-Regular.ttf.fix /home/travis/build/fontdirectory/rajdhani/builds/build/Rajdhani-Regular.ttf
bakery_lint.tests.downstream.test_gasp_table_value.CheckGaspTableType.test_check_gasp_table_type(): OK
$ fontbakery-fix-gasp.py --set=15 /home/travis/build/fontdirectory/rajdhani/builds/build/Rajdhani-Regular.ttf
$ mv /home/travis/build/fontdirectory/rajdhani/builds/build/Rajdhani-Regular.ttf.fix /home/travis/build/fontdirectory/rajdhani/builds/build/Rajdhani-Regular.ttf
bakery_lint.tests.downstream.test_check_hmtx_hhea_max_advance_width_agreement.CheckHmtxHheaMaxAdvanceWidthAgreement.test_check_hmtx_hhea_max_advance_width_agreement(): OK
bakery_lint.tests.downstream.test_check_font_agreements.CheckFsTypeIsNotSet.test_is_fstype_not_set(): OK
$ fontbakery-fix-fstype.py --autofix /home/travis/build/fontdirectory/rajdhani/builds/build/Rajdhani-Regular.ttf
$ mv /home/travis/build/fontdirectory/rajdhani/builds/build/Rajdhani-Regular.ttf.fix /home/travis/build/fontdirectory/rajdhani/builds/build/Rajdhani-Regular.ttf
bakery_lint.tests.downstream.test_check_font_agreements.CheckFontAgreements.test_em_is_1000(): OK
bakery_lint.tests.downstream.test_check_font_agreements.CheckFontAgreements.test_font_is_font(): OK
bakery_lint.tests.downstream.test_check_font_agreements.CheckFontAgreements.test_latin_file_exists(): FAIL
bakery_lint.tests.downstream.test_check_font_agreements.CheckFontAgreements.test_menu_file_exists(): FAIL
bakery_lint.tests.downstream.test_check_magic_prep_code.CheckMagicPREPByteCode.test_prep_magic_code(): FAIL
bakery_lint.tests.downstream.test_check_unencoded_glyph.TestFontUnencodedGlyph.test_font_unencoded_glyphs(): FAIL
$ fontbakery-fix-glyph-private-encoding.py --autofix /home/travis/build/fontdirectory/rajdhani/builds/build/Rajdhani-Regular.ttf
$ mv /home/travis/build/fontdirectory/rajdhani/builds/build/Rajdhani-Regular.ttf.fix /home/travis/build/fontdirectory/rajdhani/builds/build/Rajdhani-Regular.ttf
bakery_lint.tests.downstream.test_check_unencoded_glyph.TestFontUnencodedGlyph.test_font_unencoded_glyphs(): FAIL
bakery_lint.tests.downstream.test_check_glyph_existence.CheckGlyphExistence.test_euro(): OK
bakery_lint.tests.downstream.test_check_glyph_existence.CheckGlyphExistence.test_nbsp(): OK
bakery_lint.tests.downstream.test_check_glyph_existence.CheckGlyphExistence.test_space(): OK
bakery_lint.tests.downstream.test_check_vertical_metrics.CheckVerticalLinegapMetrics.test_metrics_linegaps_are_zero(): OK
bakery_lint.tests.downstream.test_check_vertical_metrics.CheckVerticalAscentMetrics.test_metrics_ascents_equal_bbox(): OK
bakery_lint.tests.downstream.test_check_vertical_metrics.CheckVerticalDescentMetrics.test_metrics_descents_equal_bbox(): OK
bakery_lint.tests.downstream.test_names_are_ascii_only.CheckNamesAreASCIIOnly.test_check_names_are_ascii_only(): FAIL
$ fontbakery-fix-ascii-fontmetadata.py /home/travis/build/fontdirectory/rajdhani/builds/build/Rajdhani-Regular.ttf
$ mv /home/travis/build/fontdirectory/rajdhani/builds/build/Rajdhani-Regular.ttf.fix /home/travis/build/fontdirectory/rajdhani/builds/build/Rajdhani-Regular.ttf
bakery_lint.tests.downstream.test_names_are_ascii_only.CheckNamesAreASCIIOnly.test_check_names_are_ascii_only(): OK
bakery_lint.tests.downstream.test_check_glyf_table_length.CheckGlyfTableLength.test_check_glyf_table_length(): FAIL
bakery_lint.tests.downstream.test_check_os2_width_class.CheckOS2WidthClass.test_check_os2_width_class(): OK
bakery_lint.tests.downstream.test_check_no_problematic_formats.CheckNoProblematicFormats.test_check_no_problematic_formats(): OK
bakery_lint.tests.downstream.test_check_fontname_matches_macstyle.CheckFontNameEqualToMacStyleFlags.test_fontname_is_equal_to_macstyle(): FAIL
bakery_lint.tests.downstream.test_gpos_table_has_kerning_info.CheckGposTableHasKerningInfo.test_gpos_table_has_kerning_info(): FAIL
The following table(s) in the font have been ignored by FontForge
  Ignoring 'DSIG' digital signature table
bakery_lint.tests.downstream.test_fontforge_validation_state.FontForgeValidateStateTest.test_allowed_numbers_paths_in_composite_glyphs(): OK
bakery_lint.tests.downstream.test_fontforge_validation_state.FontForgeValidateStateTest.test_allowed_numbers_paths_in_glyphs(): OK
bakery_lint.tests.downstream.test_fontforge_validation_state.FontForgeValidateStateTest.test_allowed_numbers_points_in_composite_glyphs(): OK
bakery_lint.tests.downstream.test_fontforge_validation_state.FontForgeValidateStateTest.test_allowed_numbers_points_in_glyphs(): OK
bakery_lint.tests.downstream.test_fontforge_validation_state.FontForgeValidateStateTest.test_duplicate_glyphs(): OK
bakery_lint.tests.downstream.test_fontforge_validation_state.FontForgeValidateStateTest.test_duplicate_unicode_codepoints(): OK
bakery_lint.tests.downstream.test_fontforge_validation_state.FontForgeValidateStateTest.test_flipped_reference_in_glyphs(): OK
bakery_lint.tests.downstream.test_fontforge_validation_state.FontForgeValidateStateTest.test_missing_anchors(): OK
bakery_lint.tests.downstream.test_fontforge_validation_state.FontForgeValidateStateTest.test_missing_extrema_in_glyphs(): FAIL
bakery_lint.tests.downstream.test_fontforge_validation_state.FontForgeValidateStateTest.test_overlapped_hints(): OK
bakery_lint.tests.downstream.test_fontforge_validation_state.FontForgeValidateStateTest.test_points_are_integer_aligned(): OK
bakery_lint.tests.downstream.test_fontforge_validation_state.FontForgeValidateStateTest.test_points_are_not_too_far_apart(): OK
bakery_lint.tests.downstream.test_fontforge_validation_state.FontForgeValidateStateTest.test_postscript_hasnt_limit_hints_in_glyphs(): OK
bakery_lint.tests.downstream.test_fontforge_validation_state.FontForgeValidateStateTest.test_postscript_hasnt_limit_points_in_glyphs(): OK
bakery_lint.tests.downstream.test_fontforge_validation_state.FontForgeValidateStateTest.test_referenced_glyphs_are_present(): OK
bakery_lint.tests.downstream.test_fontforge_validation_state.FontForgeValidateStateTest.test_valid_glyph_names(): OK
bakery_lint.tests.downstream.test_fontforge_validation_state.FontForgeValidateStateTest.test_valid_length_instructions(): OK
bakery_lint.tests.downstream.test_fontforge_validation_state.FontForgeValidateStateTest.test_validation_glyph_intersect(): FAIL
bakery_lint.tests.downstream.test_fontforge_validation_state.FontForgeValidateStateTest.test_validation_open_contours(): OK
bakery_lint.tests.downstream.test_fontforge_validation_state.FontForgeValidateStateTest.test_wrong_direction_in_glyphs(): OK
### Optimize TTF Rajdhani-Regular.ttf
$ ls -l 'Rajdhani-Regular.ttf'* # look at the size savings of that subset process
Rajdhani-Regular.ttf.opt: 213488 bytes
Rajdhani-Regular.ttf: 236984 bytes
$ mv /home/travis/build/fontdirectory/rajdhani/builds/build/Rajdhani-Regular.ttf.opt /home/travis/build/fontdirectory/rajdhani/builds/build/Rajdhani-Regular.ttf
### Autohint TTFs (ttfautohint) Rajdhani-Regular.ttf
$ ttfautohint -l 7 -r 28 -G 50 -x 13 -w "G" /home/travis/build/fontdirectory/rajdhani/builds/build/Rajdhani-Regular.ttf '/home/travis/build/fontdirectory/rajdhani/builds/build/Rajdhani-Regular.autohint.ttf'

$ ls -l /home/travis/build/fontdirectory/rajdhani/builds/build/Rajdhani-Regular.*ttf # look at the size savings of that subset process
/home/travis/build/fontdirectory/rajdhani/builds/build/Rajdhani-Regular.ttf: 213488 bytes
/home/travis/build/fontdirectory/rajdhani/builds/build/Rajdhani-Regular.autohint.ttf: 348232 bytes
$ mv /home/travis/build/fontdirectory/rajdhani/builds/build/Rajdhani-Regular.autohint.ttf /home/travis/build/fontdirectory/rajdhani/builds/build/Rajdhani-Regular.ttf
### Subset TTFs (pyftsubset) Rajdhani-Regular.ttf
$ pyftsubset Rajdhani-Regular.latin
$ pyftsubset Rajdhani-Regular.menu
strippedname:/home/travis/build/fontdirectory/rajdhani/builds/build/Rajdhani-Regular.ttf
### Test RajdhaniLight-Regular.ttf
$ fontbakery-check.py result RajdhaniLight-Regular.ttf
bakery_lint.tests.downstream.test_check_italic_angle_agreement.CheckItalicAngleAgreement.test_check_italic_angle_agreement(): OK
bakery_lint.tests.downstream.test_check_upm_heights_less_120.TestCheckUPMHeightsLess120.test_check_upm_heigths_less_120(): FAIL
bakery_lint.tests.downstream.test_check_font_tables.CheckFontHasDsigTable.test_check_font_has_dsig_table(): OK
bakery_lint.tests.downstream.test_check_font_tables.CheckFontHasNotKernTable.test_no_kern_table_exists(): OK
bakery_lint.tests.downstream.test_check_name_table_recommendation.CheckStyleNameRecommendation.test_check_stylename_is_under_recommendations(): OK
bakery_lint.tests.downstream.test_check_name_table_recommendation.CheckOTFamilyNameRecommendation.test_check_opentype_familyname(): FAIL
$ fontbakery-fix-opentype-names.py /home/travis/build/fontdirectory/rajdhani/builds/build/RajdhaniLight-Regular.ttf
$ mv /home/travis/build/fontdirectory/rajdhani/builds/build/RajdhaniLight-Regular.ttf.fix /home/travis/build/fontdirectory/rajdhani/builds/build/RajdhaniLight-Regular.ttf
bakery_lint.tests.downstream.test_check_name_table_recommendation.CheckOTFamilyNameRecommendation.test_check_opentype_familyname(): OK
bakery_lint.tests.downstream.test_check_name_table_recommendation.CheckOTStyleNameRecommendation.test_check_opentype_stylename(): OK
bakery_lint.tests.downstream.test_check_name_table_recommendation.CheckOTFullNameRecommendation.test_check_opentype_fullname(): OK
bakery_lint.tests.downstream.test_check_nbsp_width_matches_sp_width.CheckNbspWidthMatchesSpWidth.test_check_nbsp_width_matches_sp_width(): OK
bakery_lint.tests.downstream.test_check_names_same_across_platforms.CheckNamesSameAcrossPlatforms.test_check_names_same_across_platforms(): FAIL
bakery_lint.tests.downstream.test_check_panose_identification.CheckPanoseIdentification.test_check_panose_identification(): OK
bakery_lint.tests.downstream.test_check_license_included.CheckLicenseIncluded.test_license_included_in_font_names(): OK
bakery_lint.tests.downstream.test_check_full_font_name_begins_with_family_name.CheckFullFontNameBeginsWithFamilyName.test_check_full_font_name_begins_with_family_name(): OK
bakery_lint.tests.downstream.test_check_unused_glyph_data.CheckUnusedGlyphData.test_check_unused_glyph_data(): ERROR
bakery_lint.tests.downstream.test_gasp_table_value.CheckGaspTableType.test_check_gasp_table_type(): OK
$ fontbakery-fix-gasp.py --set=15 /home/travis/build/fontdirectory/rajdhani/builds/build/RajdhaniLight-Regular.ttf
$ mv /home/travis/build/fontdirectory/rajdhani/builds/build/RajdhaniLight-Regular.ttf.fix /home/travis/build/fontdirectory/rajdhani/builds/build/RajdhaniLight-Regular.ttf
bakery_lint.tests.downstream.test_check_hmtx_hhea_max_advance_width_agreement.CheckHmtxHheaMaxAdvanceWidthAgreement.test_check_hmtx_hhea_max_advance_width_agreement(): OK
bakery_lint.tests.downstream.test_check_font_agreements.CheckFsTypeIsNotSet.test_is_fstype_not_set(): OK
$ fontbakery-fix-fstype.py --autofix /home/travis/build/fontdirectory/rajdhani/builds/build/RajdhaniLight-Regular.ttf
$ mv /home/travis/build/fontdirectory/rajdhani/builds/build/RajdhaniLight-Regular.ttf.fix /home/travis/build/fontdirectory/rajdhani/builds/build/RajdhaniLight-Regular.ttf
bakery_lint.tests.downstream.test_check_font_agreements.CheckFontAgreements.test_em_is_1000(): OK
bakery_lint.tests.downstream.test_check_font_agreements.CheckFontAgreements.test_font_is_font(): OK
bakery_lint.tests.downstream.test_check_font_agreements.CheckFontAgreements.test_latin_file_exists(): FAIL
bakery_lint.tests.downstream.test_check_font_agreements.CheckFontAgreements.test_menu_file_exists(): FAIL
bakery_lint.tests.downstream.test_check_magic_prep_code.CheckMagicPREPByteCode.test_prep_magic_code(): FAIL
bakery_lint.tests.downstream.test_check_unencoded_glyph.TestFontUnencodedGlyph.test_font_unencoded_glyphs(): FAIL
$ fontbakery-fix-glyph-private-encoding.py --autofix /home/travis/build/fontdirectory/rajdhani/builds/build/RajdhaniLight-Regular.ttf
$ mv /home/travis/build/fontdirectory/rajdhani/builds/build/RajdhaniLight-Regular.ttf.fix /home/travis/build/fontdirectory/rajdhani/builds/build/RajdhaniLight-Regular.ttf
bakery_lint.tests.downstream.test_check_unencoded_glyph.TestFontUnencodedGlyph.test_font_unencoded_glyphs(): FAIL
bakery_lint.tests.downstream.test_check_glyph_existence.CheckGlyphExistence.test_euro(): OK
bakery_lint.tests.downstream.test_check_glyph_existence.CheckGlyphExistence.test_nbsp(): OK
bakery_lint.tests.downstream.test_check_glyph_existence.CheckGlyphExistence.test_space(): OK
bakery_lint.tests.downstream.test_check_vertical_metrics.CheckVerticalLinegapMetrics.test_metrics_linegaps_are_zero(): OK
bakery_lint.tests.downstream.test_check_vertical_metrics.CheckVerticalAscentMetrics.test_metrics_ascents_equal_bbox(): OK
bakery_lint.tests.downstream.test_check_vertical_metrics.CheckVerticalDescentMetrics.test_metrics_descents_equal_bbox(): OK
bakery_lint.tests.downstream.test_names_are_ascii_only.CheckNamesAreASCIIOnly.test_check_names_are_ascii_only(): FAIL
$ fontbakery-fix-ascii-fontmetadata.py /home/travis/build/fontdirectory/rajdhani/builds/build/RajdhaniLight-Regular.ttf
$ mv /home/travis/build/fontdirectory/rajdhani/builds/build/RajdhaniLight-Regular.ttf.fix /home/travis/build/fontdirectory/rajdhani/builds/build/RajdhaniLight-Regular.ttf
bakery_lint.tests.downstream.test_names_are_ascii_only.CheckNamesAreASCIIOnly.test_check_names_are_ascii_only(): OK
bakery_lint.tests.downstream.test_check_glyf_table_length.CheckGlyfTableLength.test_check_glyf_table_length(): FAIL
bakery_lint.tests.downstream.test_check_os2_width_class.CheckOS2WidthClass.test_check_os2_width_class(): OK
bakery_lint.tests.downstream.test_check_no_problematic_formats.CheckNoProblematicFormats.test_check_no_problematic_formats(): OK
bakery_lint.tests.downstream.test_check_fontname_matches_macstyle.CheckFontNameEqualToMacStyleFlags.test_fontname_is_equal_to_macstyle(): FAIL
bakery_lint.tests.downstream.test_gpos_table_has_kerning_info.CheckGposTableHasKerningInfo.test_gpos_table_has_kerning_info(): FAIL
The following table(s) in the font have been ignored by FontForge
  Ignoring 'DSIG' digital signature table
Warning: Mac string is a subset of the Windows string in the 'name' table
 for the Preferred Family string in the English (US) language.
Warning: Mac and Windows entries in the 'name' table differ for the
 Preferred Styles string in the language English (US)
 Mac String: Light
Windows String: Regular
bakery_lint.tests.downstream.test_fontforge_validation_state.FontForgeValidateStateTest.test_allowed_numbers_paths_in_composite_glyphs(): OK
bakery_lint.tests.downstream.test_fontforge_validation_state.FontForgeValidateStateTest.test_allowed_numbers_paths_in_glyphs(): OK
bakery_lint.tests.downstream.test_fontforge_validation_state.FontForgeValidateStateTest.test_allowed_numbers_points_in_composite_glyphs(): OK
bakery_lint.tests.downstream.test_fontforge_validation_state.FontForgeValidateStateTest.test_allowed_numbers_points_in_glyphs(): OK
bakery_lint.tests.downstream.test_fontforge_validation_state.FontForgeValidateStateTest.test_duplicate_glyphs(): OK
bakery_lint.tests.downstream.test_fontforge_validation_state.FontForgeValidateStateTest.test_duplicate_unicode_codepoints(): OK
bakery_lint.tests.downstream.test_fontforge_validation_state.FontForgeValidateStateTest.test_flipped_reference_in_glyphs(): OK
bakery_lint.tests.downstream.test_fontforge_validation_state.FontForgeValidateStateTest.test_missing_anchors(): OK
bakery_lint.tests.downstream.test_fontforge_validation_state.FontForgeValidateStateTest.test_missing_extrema_in_glyphs(): FAIL
bakery_lint.tests.downstream.test_fontforge_validation_state.FontForgeValidateStateTest.test_overlapped_hints(): OK
bakery_lint.tests.downstream.test_fontforge_validation_state.FontForgeValidateStateTest.test_points_are_integer_aligned(): OK
bakery_lint.tests.downstream.test_fontforge_validation_state.FontForgeValidateStateTest.test_points_are_not_too_far_apart(): OK
bakery_lint.tests.downstream.test_fontforge_validation_state.FontForgeValidateStateTest.test_postscript_hasnt_limit_hints_in_glyphs(): OK
bakery_lint.tests.downstream.test_fontforge_validation_state.FontForgeValidateStateTest.test_postscript_hasnt_limit_points_in_glyphs(): OK
bakery_lint.tests.downstream.test_fontforge_validation_state.FontForgeValidateStateTest.test_referenced_glyphs_are_present(): OK
bakery_lint.tests.downstream.test_fontforge_validation_state.FontForgeValidateStateTest.test_valid_glyph_names(): OK
bakery_lint.tests.downstream.test_fontforge_validation_state.FontForgeValidateStateTest.test_valid_length_instructions(): OK
bakery_lint.tests.downstream.test_fontforge_validation_state.FontForgeValidateStateTest.test_validation_glyph_intersect(): FAIL
bakery_lint.tests.downstream.test_fontforge_validation_state.FontForgeValidateStateTest.test_validation_open_contours(): OK
bakery_lint.tests.downstream.test_fontforge_validation_state.FontForgeValidateStateTest.test_wrong_direction_in_glyphs(): OK
### Optimize TTF RajdhaniLight-Regular.ttf
$ ls -l 'RajdhaniLight-Regular.ttf'* # look at the size savings of that subset process
RajdhaniLight-Regular.ttf.opt: 361024 bytes
RajdhaniLight-Regular.ttf: 377532 bytes
$ mv /home/travis/build/fontdirectory/rajdhani/builds/build/RajdhaniLight-Regular.ttf.opt /home/travis/build/fontdirectory/rajdhani/builds/build/RajdhaniLight-Regular.ttf
### Autohint TTFs (ttfautohint) RajdhaniLight-Regular.ttf
$ ttfautohint -l 7 -r 28 -G 50 -x 13 -w "G" /home/travis/build/fontdirectory/rajdhani/builds/build/RajdhaniLight-Regular.ttf '/home/travis/build/fontdirectory/rajdhani/builds/build/RajdhaniLight-Regular.autohint.ttf'

$ ls -l /home/travis/build/fontdirectory/rajdhani/builds/build/RajdhaniLight-Regular.*ttf # look at the size savings of that subset process
/home/travis/build/fontdirectory/rajdhani/builds/build/RajdhaniLight-Regular.ttf: 361024 bytes
/home/travis/build/fontdirectory/rajdhani/builds/build/RajdhaniLight-Regular.autohint.ttf: 354420 bytes
$ mv /home/travis/build/fontdirectory/rajdhani/builds/build/RajdhaniLight-Regular.autohint.ttf /home/travis/build/fontdirectory/rajdhani/builds/build/RajdhaniLight-Regular.ttf
### Subset TTFs (pyftsubset) RajdhaniLight-Regular.ttf
$ pyftsubset RajdhaniLight-Regular.latin
$ pyftsubset RajdhaniLight-Regular.menu
strippedname:/home/travis/build/fontdirectory/rajdhani/builds/build/RajdhaniLight-Regular.ttf
$ fontbakery-build-font2ttf.py sources/RajdhaniBold-Regular.otf RajdhaniBold-Regular.ttf
Success: Generated OpenType-TTF (/home/travis/build/fontdirectory/rajdhani/builds/build/RajdhaniBold-Regular.ttf)
strippedname:/home/travis/build/fontdirectory/rajdhani/builds/build/RajdhaniBold-Regular.otf
### Test RajdhaniBold-Regular.ttf
$ fontbakery-check.py result RajdhaniBold-Regular.ttf
bakery_lint.tests.downstream.test_check_italic_angle_agreement.CheckItalicAngleAgreement.test_check_italic_angle_agreement(): OK
bakery_lint.tests.downstream.test_check_upm_heights_less_120.TestCheckUPMHeightsLess120.test_check_upm_heigths_less_120(): FAIL
bakery_lint.tests.downstream.test_check_font_tables.CheckFontHasDsigTable.test_check_font_has_dsig_table(): OK
bakery_lint.tests.downstream.test_check_font_tables.CheckFontHasNotKernTable.test_no_kern_table_exists(): OK
bakery_lint.tests.downstream.test_check_name_table_recommendation.CheckStyleNameRecommendation.test_check_stylename_is_under_recommendations(): OK
bakery_lint.tests.downstream.test_check_name_table_recommendation.CheckOTFamilyNameRecommendation.test_check_opentype_familyname(): FAIL
$ fontbakery-fix-opentype-names.py /home/travis/build/fontdirectory/rajdhani/builds/build/RajdhaniBold-Regular.ttf
$ mv /home/travis/build/fontdirectory/rajdhani/builds/build/RajdhaniBold-Regular.ttf.fix /home/travis/build/fontdirectory/rajdhani/builds/build/RajdhaniBold-Regular.ttf
bakery_lint.tests.downstream.test_check_name_table_recommendation.CheckOTFamilyNameRecommendation.test_check_opentype_familyname(): OK
bakery_lint.tests.downstream.test_check_name_table_recommendation.CheckOTStyleNameRecommendation.test_check_opentype_stylename(): OK
bakery_lint.tests.downstream.test_check_name_table_recommendation.CheckOTFullNameRecommendation.test_check_opentype_fullname(): OK
bakery_lint.tests.downstream.test_check_nbsp_width_matches_sp_width.CheckNbspWidthMatchesSpWidth.test_check_nbsp_width_matches_sp_width(): OK
bakery_lint.tests.downstream.test_check_names_same_across_platforms.CheckNamesSameAcrossPlatforms.test_check_names_same_across_platforms(): FAIL
bakery_lint.tests.downstream.test_check_panose_identification.CheckPanoseIdentification.test_check_panose_identification(): OK
bakery_lint.tests.downstream.test_check_license_included.CheckLicenseIncluded.test_license_included_in_font_names(): OK
bakery_lint.tests.downstream.test_check_full_font_name_begins_with_family_name.CheckFullFontNameBeginsWithFamilyName.test_check_full_font_name_begins_with_family_name(): OK
bakery_lint.tests.downstream.test_check_unused_glyph_data.CheckUnusedGlyphData.test_check_unused_glyph_data(): ERROR
bakery_lint.tests.downstream.test_gasp_table_value.CheckGaspTableType.test_check_gasp_table_type(): FAIL
$ fontbakery-fix-gasp.py --set=15 /home/travis/build/fontdirectory/rajdhani/builds/build/RajdhaniBold-Regular.ttf
$ mv /home/travis/build/fontdirectory/rajdhani/builds/build/RajdhaniBold-Regular.ttf.fix /home/travis/build/fontdirectory/rajdhani/builds/build/RajdhaniBold-Regular.ttf
bakery_lint.tests.downstream.test_gasp_table_value.CheckGaspTableType.test_check_gasp_table_type(): OK
$ fontbakery-fix-gasp.py --set=15 /home/travis/build/fontdirectory/rajdhani/builds/build/RajdhaniBold-Regular.ttf
$ mv /home/travis/build/fontdirectory/rajdhani/builds/build/RajdhaniBold-Regular.ttf.fix /home/travis/build/fontdirectory/rajdhani/builds/build/RajdhaniBold-Regular.ttf
bakery_lint.tests.downstream.test_check_hmtx_hhea_max_advance_width_agreement.CheckHmtxHheaMaxAdvanceWidthAgreement.test_check_hmtx_hhea_max_advance_width_agreement(): OK
bakery_lint.tests.downstream.test_check_font_agreements.CheckFsTypeIsNotSet.test_is_fstype_not_set(): OK
$ fontbakery-fix-fstype.py --autofix /home/travis/build/fontdirectory/rajdhani/builds/build/RajdhaniBold-Regular.ttf
$ mv /home/travis/build/fontdirectory/rajdhani/builds/build/RajdhaniBold-Regular.ttf.fix /home/travis/build/fontdirectory/rajdhani/builds/build/RajdhaniBold-Regular.ttf
bakery_lint.tests.downstream.test_check_font_agreements.CheckFontAgreements.test_em_is_1000(): OK
bakery_lint.tests.downstream.test_check_font_agreements.CheckFontAgreements.test_font_is_font(): OK
bakery_lint.tests.downstream.test_check_font_agreements.CheckFontAgreements.test_latin_file_exists(): FAIL
bakery_lint.tests.downstream.test_check_font_agreements.CheckFontAgreements.test_menu_file_exists(): FAIL
bakery_lint.tests.downstream.test_check_magic_prep_code.CheckMagicPREPByteCode.test_prep_magic_code(): FAIL
bakery_lint.tests.downstream.test_check_unencoded_glyph.TestFontUnencodedGlyph.test_font_unencoded_glyphs(): FAIL
$ fontbakery-fix-glyph-private-encoding.py --autofix /home/travis/build/fontdirectory/rajdhani/builds/build/RajdhaniBold-Regular.ttf
$ mv /home/travis/build/fontdirectory/rajdhani/builds/build/RajdhaniBold-Regular.ttf.fix /home/travis/build/fontdirectory/rajdhani/builds/build/RajdhaniBold-Regular.ttf
bakery_lint.tests.downstream.test_check_unencoded_glyph.TestFontUnencodedGlyph.test_font_unencoded_glyphs(): FAIL
bakery_lint.tests.downstream.test_check_glyph_existence.CheckGlyphExistence.test_euro(): OK
bakery_lint.tests.downstream.test_check_glyph_existence.CheckGlyphExistence.test_nbsp(): OK
bakery_lint.tests.downstream.test_check_glyph_existence.CheckGlyphExistence.test_space(): OK
bakery_lint.tests.downstream.test_check_vertical_metrics.CheckVerticalLinegapMetrics.test_metrics_linegaps_are_zero(): OK
bakery_lint.tests.downstream.test_check_vertical_metrics.CheckVerticalAscentMetrics.test_metrics_ascents_equal_bbox(): OK
bakery_lint.tests.downstream.test_check_vertical_metrics.CheckVerticalDescentMetrics.test_metrics_descents_equal_bbox(): OK
bakery_lint.tests.downstream.test_names_are_ascii_only.CheckNamesAreASCIIOnly.test_check_names_are_ascii_only(): FAIL
$ fontbakery-fix-ascii-fontmetadata.py /home/travis/build/fontdirectory/rajdhani/builds/build/RajdhaniBold-Regular.ttf
$ mv /home/travis/build/fontdirectory/rajdhani/builds/build/RajdhaniBold-Regular.ttf.fix /home/travis/build/fontdirectory/rajdhani/builds/build/RajdhaniBold-Regular.ttf
bakery_lint.tests.downstream.test_names_are_ascii_only.CheckNamesAreASCIIOnly.test_check_names_are_ascii_only(): OK
bakery_lint.tests.downstream.test_check_glyf_table_length.CheckGlyfTableLength.test_check_glyf_table_length(): FAIL
bakery_lint.tests.downstream.test_check_os2_width_class.CheckOS2WidthClass.test_check_os2_width_class(): OK
bakery_lint.tests.downstream.test_check_no_problematic_formats.CheckNoProblematicFormats.test_check_no_problematic_formats(): OK
bakery_lint.tests.downstream.test_check_fontname_matches_macstyle.CheckFontNameEqualToMacStyleFlags.test_fontname_is_equal_to_macstyle(): FAIL
bakery_lint.tests.downstream.test_gpos_table_has_kerning_info.CheckGposTableHasKerningInfo.test_gpos_table_has_kerning_info(): FAIL
The following table(s) in the font have been ignored by FontForge
  Ignoring 'DSIG' digital signature table
Warning: Mac string is a subset of the Windows string in the 'name' table
 for the Preferred Family string in the English (US) language.
Warning: Mac and Windows entries in the 'name' table differ for the
 Preferred Styles string in the language English (US)
 Mac String: Bold
Windows String: Regular
bakery_lint.tests.downstream.test_fontforge_validation_state.FontForgeValidateStateTest.test_allowed_numbers_paths_in_composite_glyphs(): OK
bakery_lint.tests.downstream.test_fontforge_validation_state.FontForgeValidateStateTest.test_allowed_numbers_paths_in_glyphs(): OK
bakery_lint.tests.downstream.test_fontforge_validation_state.FontForgeValidateStateTest.test_allowed_numbers_points_in_composite_glyphs(): OK
bakery_lint.tests.downstream.test_fontforge_validation_state.FontForgeValidateStateTest.test_allowed_numbers_points_in_glyphs(): OK
bakery_lint.tests.downstream.test_fontforge_validation_state.FontForgeValidateStateTest.test_duplicate_glyphs(): OK
bakery_lint.tests.downstream.test_fontforge_validation_state.FontForgeValidateStateTest.test_duplicate_unicode_codepoints(): OK
bakery_lint.tests.downstream.test_fontforge_validation_state.FontForgeValidateStateTest.test_flipped_reference_in_glyphs(): OK
bakery_lint.tests.downstream.test_fontforge_validation_state.FontForgeValidateStateTest.test_missing_anchors(): OK
bakery_lint.tests.downstream.test_fontforge_validation_state.FontForgeValidateStateTest.test_missing_extrema_in_glyphs(): FAIL
bakery_lint.tests.downstream.test_fontforge_validation_state.FontForgeValidateStateTest.test_overlapped_hints(): OK
bakery_lint.tests.downstream.test_fontforge_validation_state.FontForgeValidateStateTest.test_points_are_integer_aligned(): OK
bakery_lint.tests.downstream.test_fontforge_validation_state.FontForgeValidateStateTest.test_points_are_not_too_far_apart(): OK
bakery_lint.tests.downstream.test_fontforge_validation_state.FontForgeValidateStateTest.test_postscript_hasnt_limit_hints_in_glyphs(): OK
bakery_lint.tests.downstream.test_fontforge_validation_state.FontForgeValidateStateTest.test_postscript_hasnt_limit_points_in_glyphs(): OK
bakery_lint.tests.downstream.test_fontforge_validation_state.FontForgeValidateStateTest.test_referenced_glyphs_are_present(): OK
bakery_lint.tests.downstream.test_fontforge_validation_state.FontForgeValidateStateTest.test_valid_glyph_names(): OK
bakery_lint.tests.downstream.test_fontforge_validation_state.FontForgeValidateStateTest.test_valid_length_instructions(): OK
bakery_lint.tests.downstream.test_fontforge_validation_state.FontForgeValidateStateTest.test_validation_glyph_intersect(): FAIL
bakery_lint.tests.downstream.test_fontforge_validation_state.FontForgeValidateStateTest.test_validation_open_contours(): OK
bakery_lint.tests.downstream.test_fontforge_validation_state.FontForgeValidateStateTest.test_wrong_direction_in_glyphs(): OK
### Optimize TTF RajdhaniBold-Regular.ttf
$ ls -l 'RajdhaniBold-Regular.ttf'* # look at the size savings of that subset process
RajdhaniBold-Regular.ttf.opt: 213336 bytes
RajdhaniBold-Regular.ttf: 236904 bytes
$ mv /home/travis/build/fontdirectory/rajdhani/builds/build/RajdhaniBold-Regular.ttf.opt /home/travis/build/fontdirectory/rajdhani/builds/build/RajdhaniBold-Regular.ttf
### Autohint TTFs (ttfautohint) RajdhaniBold-Regular.ttf
$ ttfautohint -l 7 -r 28 -G 50 -x 13 -w "G" /home/travis/build/fontdirectory/rajdhani/builds/build/RajdhaniBold-Regular.ttf '/home/travis/build/fontdirectory/rajdhani/builds/build/RajdhaniBold-Regular.autohint.ttf'

$ ls -l /home/travis/build/fontdirectory/rajdhani/builds/build/RajdhaniBold-Regular.*ttf # look at the size savings of that subset process
/home/travis/build/fontdirectory/rajdhani/builds/build/RajdhaniBold-Regular.ttf: 213336 bytes
/home/travis/build/fontdirectory/rajdhani/builds/build/RajdhaniBold-Regular.autohint.ttf: 369460 bytes
$ mv /home/travis/build/fontdirectory/rajdhani/builds/build/RajdhaniBold-Regular.autohint.ttf /home/travis/build/fontdirectory/rajdhani/builds/build/RajdhaniBold-Regular.ttf
### Subset TTFs (pyftsubset) RajdhaniBold-Regular.ttf
$ pyftsubset RajdhaniBold-Regular.latin
$ pyftsubset RajdhaniBold-Regular.menu
strippedname:/home/travis/build/fontdirectory/rajdhani/builds/build/RajdhaniBold-Regular.ttf
### (5 of 6) Generate METADATA.json (fontbakery-build-metadata.py)
$ fontbakery-build-metadata.py /home/travis/build/fontdirectory/rajdhani/builds/build
{} exists
Designer's name from font is: Satya Rajpurohit, Jyotish Sonowal
Original size: 354420\nGzip size: 133321
Family Name: Rajdhani Medium
PS Name: Rajdhani-Light
Full Name: Rajdhani Light
Style: normal
Weight: 300
Filename: RajdhaniLight-Regular.ttf
Copyright: Copyright (c) 2014 Indian Type Foundry (info@indiantypefoundry.com)
Family Name: Rajdhani Medium
PS Name: Rajdhani-Bold
Full Name: Rajdhani Bold
Style: normal
Weight: 700
Filename: RajdhaniBold-Regular.ttf
Copyright: Copyright (c) 2014 Indian Type Foundry (info@indiantypefoundry.com)
Family Name: Rajdhani Medium
PS Name: Rajdhani-Regular
Full Name: Rajdhani
Style: normal
Weight: 400
Filename: Rajdhani-Regular.ttf
Copyright: Copyright (c) 2014 Indian Type Foundry (info@indiantypefoundry.com)
Family Name: Rajdhani Medium
PS Name: Rajdhani-Semibold
Full Name: Rajdhani Semibold
Style: normal
Weight: 600
Filename: RajdhaniSemibold-Regular.ttf
Copyright: Copyright (c) 2014 Indian Type Foundry (info@indiantypefoundry.com)
Family Name: Rajdhani Medium
PS Name: Rajdhani-Medium
Full Name: Rajdhani Medium
Style: normal
Weight: 500
Filename: RajdhaniMedium-Regular.ttf
Copyright: Copyright (c) 2014 Indian Type Foundry (info@indiantypefoundry.com)
### (6 of 6) Run tests for METADATA.json
$ fontbakery-check.py metadata METADATA.json
bakery_lint.tests.metadata_test.MetadataSubsetsListTest.test_charset_devanagari(): FAIL
bakery_lint.tests.metadata_test.MetadataSubsetsListTest.test_charset_latin(): FAIL
bakery_lint.tests.metadata_test.MetadataSubsetsListTest.test_charset_latin_ext(): FAIL
bakery_lint.tests.metadata_test.MetadataSubsetsListTest.test_charset_menu(): FAIL
bakery_lint.tests.metadata_test.MetadataTest.test_description_is_more_than_500b(): OK
bakery_lint.tests.metadata_test.MetadataTest.test_description_is_valid_html(): FAIL
bakery_lint.tests.metadata_test.MetadataTest.test_does_not_familyName_exist_in_daltonmaag_catalogue(): FAIL
bakery_lint.tests.metadata_test.MetadataTest.test_does_not_familyName_exist_in_fontbureau_catalogue(): OK
bakery_lint.tests.metadata_test.MetadataTest.test_does_not_familyName_exist_in_fontscom_catalogue(): OK
bakery_lint.tests.metadata_test.MetadataTest.test_does_not_familyName_exist_in_fontshop_catalogue(): FAIL
bakery_lint.tests.metadata_test.MetadataTest.test_does_not_familyName_exist_in_fontsmith_catalogue(): FAIL
bakery_lint.tests.metadata_test.MetadataTest.test_does_not_familyName_exist_in_houseind_catalogue(): OK
bakery_lint.tests.metadata_test.MetadataTest.test_does_not_familyName_exist_in_myfonts_catalogue(): FAIL
bakery_lint.tests.metadata_test.MetadataTest.test_does_not_familyName_exist_in_veer_catalogue(): OK
bakery_lint.tests.metadata_test.MetadataTest.test_family_is_listed_in_gwf(): OK
bakery_lint.tests.metadata_test.MetadataTest.test_metadata_atleast_latin_menu_subsets_exist(): OK
/home/travis/virtualenv/python2.7.8/lib/python2.7/site-packages/bakery_lint/tests/metadata_test.py:141: UnicodeWarning: Unicode equal comparison failed to convert both arguments to Unicode - interpreting them as being unequal
  self.assertTrue(designer in designers,
bakery_lint.tests.metadata_test.MetadataTest.test_metadata_designer_exists_in_profiles_csv(): OK
bakery_lint.tests.metadata_test.MetadataTest.test_metadata_fonts_items_dicts(): OK
bakery_lint.tests.metadata_test.MetadataTest.test_metadata_fonts_key_list(): OK
bakery_lint.tests.metadata_test.MetadataTest.test_metadata_fonts_no_dupes(): OK
bakery_lint.tests.metadata_test.MetadataTest.test_metadata_has_unique_style_weight_pairs(): OK
bakery_lint.tests.metadata_test.MetadataTest.test_metadata_keys(): OK
bakery_lint.tests.metadata_test.MetadataTest.test_metadata_license(): OK
bakery_lint.tests.metadata_test.MetadataTest.test_metadata_no_unknown_top_keys(): OK
bakery_lint.tests.metadata_test.MetadataTest.test_metadata_subsets_key_list(): OK
bakery_lint.tests.metadata_test.MetadataTest.test_metadata_top_keys_types(): OK
bakery_lint.tests.downstream.test_check_metadata_style_matches_names.CheckItalicStyleMatchesMacStyle.test_check_italic_style_matches_names(): OK
bakery_lint.tests.downstream.test_check_metadata_style_matches_names.CheckNormalStyleMatchesMacStyle.test_check_normal_style_matches_names(): ERROR
bakery_lint.tests.downstream.test_check_text_files_exist.CheckTextFilesExist.test_copyrighttxt_exists(): FAIL
bakery_lint.tests.downstream.test_check_text_files_exist.CheckTextFilesExist.test_description_exists(): OK
bakery_lint.tests.downstream.test_check_text_files_exist.CheckTextFilesExist.test_fontlogtxt_exists(): FAIL
bakery_lint.tests.downstream.test_check_text_files_exist.CheckTextFilesExist.test_licensetxt_exists(): FAIL
bakery_lint.tests.downstream.test_check_menu_contains_proper_glyphs.CheckMenuSubsetContainsProperGlyphs.test_check_menu_contains_proper_glyphs(): ERROR
bakery_lint.tests.downstream.test_check_glyph_consistency.CheckGlyphConsistencyInFamily.test_the_same_encodings_of_glyphs_across_family(): ERROR
bakery_lint.tests.downstream.test_check_glyph_consistency.CheckGlyphConsistencyInFamily.test_the_same_names_of_glyphs_across_family(): ERROR
bakery_lint.tests.downstream.test_check_glyph_consistency.CheckGlyphConsistencyInFamily.test_the_same_number_of_glyphs_across_family(): ERROR
bakery_lint.tests.downstream.test_metadata_font_copyright.CheckMetadataContainsReservedFontName.test_copyright_contains_correct_rfn(): FAIL
bakery_lint.tests.downstream.test_metadata_font_copyright.CheckMetadataContainsReservedFontName.test_copyright_is_consistent_across_family(): OK
bakery_lint.tests.downstream.test_metadata_font_copyright.CheckMetadataContainsReservedFontName.test_copyright_matches_pattern(): OK
bakery_lint.tests.downstream.test_metadata_font_copyright.CheckMetadataContainsReservedFontName.test_metadata_copyright_size(): OK
bakery_lint.tests.downstream.test_check_monospace_agreements.CheckMonospaceAgreement.test_check_monospace_agreement(): OK
bakery_lint.tests.downstream.test_check_font_name_not_in_camelcase.CheckFontNameNotInCamelCase.test_fontname_not_in_camel_case(): OK
bakery_lint.tests.downstream.test_check_canonical_styles.CheckCanonicalStyles.test_check_canonical_styles(): ERROR
bakery_lint.tests.downstream.test_check_metadata_matches_nametable.CheckMetadataMatchesNameTable.test_check_metadata_matches_nametable(): ERROR
bakery_lint.tests.downstream.test_check_metadata_fields.CheckMetadataFields.test_check_metadata_fields(): OK
bakery_lint.tests.downstream.test_check_subsets_exists.CheckSubsetsExist.test_check_subsets_exists(): FAIL
bakery_lint.tests.downstream.test_check_canonical_filenames.CheckCanonicalFilenames.test_check_canonical_filenames(): OK
bakery_lint.tests.downstream.test_check_files_menu_agreements.CheckFontsMenuAgreements.test_menu_file_agreement(): FAIL
bakery_lint.tests.downstream.test_check_familyname_matches_fontnames.CheckFamilyNameMatchesFontNames.test_check_familyname_matches_fontnames(): OK
bakery_lint.tests.downstream.test_metadata_agreements.TestFontOnDiskFamilyEqualToMetadataJSON.test_font_on_disk_family_equal_in_metadata_json(): OK
bakery_lint.tests.downstream.test_metadata_agreements.TestPostScriptNameInMetadataEqualFontOnDisk.test_postscriptname_in_metadata_equal_to_font_on_disk(): OK
bakery_lint.tests.downstream.test_metadata_agreements.CheckMetadataAgreements.test_font_name_matches_family(): ERROR
bakery_lint.tests.downstream.test_metadata_agreements.CheckMetadataAgreements.test_metadata_family_values_are_all_the_same(): OK
bakery_lint.tests.downstream.test_metadata_agreements.CheckMetadataAgreements.test_metadata_filename_matches_postscriptname(): FAIL
bakery_lint.tests.downstream.test_metadata_agreements.CheckMetadataAgreements.test_metadata_font_have_regular(): OK
bakery_lint.tests.downstream.test_metadata_agreements.CheckMetadataAgreements.test_metadata_fonts_fields_have_fontname(): ERROR
bakery_lint.tests.downstream.test_metadata_agreements.CheckMetadataAgreements.test_metadata_fullname_is_equal_to_internal_font_fullname(): ERROR
bakery_lint.tests.downstream.test_metadata_agreements.CheckMetadataAgreements.test_metadata_fullname_matches_postScriptName(): FAIL
bakery_lint.tests.downstream.test_metadata_agreements.CheckMetadataAgreements.test_metadata_regular_is_400(): OK
bakery_lint.tests.downstream.test_metadata_agreements.CheckMetadataAgreements.test_metadata_regular_is_normal(): FAIL
bakery_lint.tests.downstream.test_check_canonical_weights.CheckCanonicalWeights.test_check_canonical_weights(): ERROR
bakery_lint.tests.downstream.test_check_canonical_weights.CheckPostScriptNameMatchesWeight.test_postscriptname_contains_correct_weight(): FAIL
bakery_lint.tests.downstream.test_check_canonical_weights.CheckFontWeightSameAsInMetadata.test_font_weight_same_as_in_metadata(): ERROR
bakery_lint.tests.downstream.test_check_canonical_weights.CheckFullNameEqualCanonicalName.test_metadata_contains_current_font(): ERROR
{
  "name": "Rajdhani", 
  "designer": "Indian Type Foundry", 
  "license": "OFL", 
  "visibility": "External", 
  "category": "Sans Serif", 
  "size": 145353, 
  "fonts": [
    {
      "name": "Rajdhani Medium", 
      "postScriptName": "Rajdhani-Light", 
      "fullName": "Rajdhani Light", 
      "style": "normal", 
      "weight": 300, 
      "filename": "RajdhaniLight-Regular.ttf", 
      "copyright": "Copyright (c) 2014 Indian Type Foundry (info@indiantypefoundry.com)"
    }, 
    {
      "name": "Rajdhani Medium", 
      "postScriptName": "Rajdhani-Bold", 
      "fullName": "Rajdhani Bold", 
      "style": "normal", 
      "weight": 700, 
      "filename": "RajdhaniBold-Regular.ttf", 
      "copyright": "Copyright (c) 2014 Indian Type Foundry (info@indiantypefoundry.com)"
    }, 
    {
      "name": "Rajdhani Medium", 
      "postScriptName": "Rajdhani-Regular", 
      "fullName": "Rajdhani", 
      "style": "normal", 
      "weight": 400, 
      "filename": "Rajdhani-Regular.ttf", 
      "copyright": "Copyright (c) 2014 Indian Type Foundry (info@indiantypefoundry.com)"
    }, 
    {
      "name": "Rajdhani Medium", 
      "postScriptName": "Rajdhani-Semibold", 
      "fullName": "Rajdhani Semibold", 
      "style": "normal", 
      "weight": 600, 
      "filename": "RajdhaniSemibold-Regular.ttf", 
      "copyright": "Copyright (c) 2014 Indian Type Foundry (info@indiantypefoundry.com)"
    }, 
    {
      "name": "Rajdhani Medium", 
      "postScriptName": "Rajdhani-Medium", 
      "fullName": "Rajdhani Medium", 
      "style": "normal", 
      "weight": 500, 
      "filename": "RajdhaniMedium-Regular.ttf", 
      "copyright": "Copyright (c) 2014 Indian Type Foundry (info@indiantypefoundry.com)"
    }
  ], 
  "subsets": [
    "latin", 
    "menu"
  ], 
  "dateAdded": "2014-07-09"
}
